Component: Arm Compiler for Embedded 6.24 Tool: armlink [5f371500]

==============================================================================

Section Cross References

    stm32f0xx_gpio.o(.text.GPIO_DeInit) refers to stm32f0xx_rcc.o(.text.RCC_AHBPeriphResetCmd) for RCC_AHBPeriphResetCmd
    stm32f0xx_gpio.o(.ARM.exidx.text.GPIO_DeInit) refers to stm32f0xx_gpio.o(.text.GPIO_DeInit) for [Anonymous Symbol]
    stm32f0xx_gpio.o(.ARM.exidx.text.GPIO_Init) refers to stm32f0xx_gpio.o(.text.GPIO_Init) for [Anonymous Symbol]
    stm32f0xx_gpio.o(.ARM.exidx.text.GPIO_StructInit) refers to stm32f0xx_gpio.o(.text.GPIO_StructInit) for [Anonymous Symbol]
    stm32f0xx_gpio.o(.ARM.exidx.text.GPIO_PinLockConfig) refers to stm32f0xx_gpio.o(.text.GPIO_PinLockConfig) for [Anonymous Symbol]
    stm32f0xx_gpio.o(.ARM.exidx.text.GPIO_ReadInputDataBit) refers to stm32f0xx_gpio.o(.text.GPIO_ReadInputDataBit) for [Anonymous Symbol]
    stm32f0xx_gpio.o(.ARM.exidx.text.GPIO_ReadInputData) refers to stm32f0xx_gpio.o(.text.GPIO_ReadInputData) for [Anonymous Symbol]
    stm32f0xx_gpio.o(.ARM.exidx.text.GPIO_ReadOutputDataBit) refers to stm32f0xx_gpio.o(.text.GPIO_ReadOutputDataBit) for [Anonymous Symbol]
    stm32f0xx_gpio.o(.ARM.exidx.text.GPIO_ReadOutputData) refers to stm32f0xx_gpio.o(.text.GPIO_ReadOutputData) for [Anonymous Symbol]
    stm32f0xx_gpio.o(.ARM.exidx.text.GPIO_SetBits) refers to stm32f0xx_gpio.o(.text.GPIO_SetBits) for [Anonymous Symbol]
    stm32f0xx_gpio.o(.ARM.exidx.text.GPIO_ResetBits) refers to stm32f0xx_gpio.o(.text.GPIO_ResetBits) for [Anonymous Symbol]
    stm32f0xx_gpio.o(.ARM.exidx.text.GPIO_WriteBit) refers to stm32f0xx_gpio.o(.text.GPIO_WriteBit) for [Anonymous Symbol]
    stm32f0xx_gpio.o(.ARM.exidx.text.GPIO_Write) refers to stm32f0xx_gpio.o(.text.GPIO_Write) for [Anonymous Symbol]
    stm32f0xx_gpio.o(.ARM.exidx.text.GPIO_PinAFConfig) refers to stm32f0xx_gpio.o(.text.GPIO_PinAFConfig) for [Anonymous Symbol]
    stm32f0xx_rcc.o(.ARM.exidx.text.RCC_DeInit) refers to stm32f0xx_rcc.o(.text.RCC_DeInit) for [Anonymous Symbol]
    stm32f0xx_rcc.o(.ARM.exidx.text.RCC_HSEConfig) refers to stm32f0xx_rcc.o(.text.RCC_HSEConfig) for [Anonymous Symbol]
    stm32f0xx_rcc.o(.text.RCC_WaitForHSEStartUp) refers to stm32f0xx_rcc.o(.text.RCC_GetFlagStatus) for RCC_GetFlagStatus
    stm32f0xx_rcc.o(.ARM.exidx.text.RCC_WaitForHSEStartUp) refers to stm32f0xx_rcc.o(.text.RCC_WaitForHSEStartUp) for [Anonymous Symbol]
    stm32f0xx_rcc.o(.ARM.exidx.text.RCC_GetFlagStatus) refers to stm32f0xx_rcc.o(.text.RCC_GetFlagStatus) for [Anonymous Symbol]
    stm32f0xx_rcc.o(.ARM.exidx.text.RCC_AdjustHSICalibrationValue) refers to stm32f0xx_rcc.o(.text.RCC_AdjustHSICalibrationValue) for [Anonymous Symbol]
    stm32f0xx_rcc.o(.ARM.exidx.text.RCC_HSICmd) refers to stm32f0xx_rcc.o(.text.RCC_HSICmd) for [Anonymous Symbol]
    stm32f0xx_rcc.o(.ARM.exidx.text.RCC_AdjustHSI14CalibrationValue) refers to stm32f0xx_rcc.o(.text.RCC_AdjustHSI14CalibrationValue) for [Anonymous Symbol]
    stm32f0xx_rcc.o(.ARM.exidx.text.RCC_HSI14Cmd) refers to stm32f0xx_rcc.o(.text.RCC_HSI14Cmd) for [Anonymous Symbol]
    stm32f0xx_rcc.o(.ARM.exidx.text.RCC_HSI14ADCRequestCmd) refers to stm32f0xx_rcc.o(.text.RCC_HSI14ADCRequestCmd) for [Anonymous Symbol]
    stm32f0xx_rcc.o(.ARM.exidx.text.RCC_LSEConfig) refers to stm32f0xx_rcc.o(.text.RCC_LSEConfig) for [Anonymous Symbol]
    stm32f0xx_rcc.o(.ARM.exidx.text.RCC_LSEDriveConfig) refers to stm32f0xx_rcc.o(.text.RCC_LSEDriveConfig) for [Anonymous Symbol]
    stm32f0xx_rcc.o(.ARM.exidx.text.RCC_LSICmd) refers to stm32f0xx_rcc.o(.text.RCC_LSICmd) for [Anonymous Symbol]
    stm32f0xx_rcc.o(.ARM.exidx.text.RCC_PLLConfig) refers to stm32f0xx_rcc.o(.text.RCC_PLLConfig) for [Anonymous Symbol]
    stm32f0xx_rcc.o(.ARM.exidx.text.RCC_PLLCmd) refers to stm32f0xx_rcc.o(.text.RCC_PLLCmd) for [Anonymous Symbol]
    stm32f0xx_rcc.o(.ARM.exidx.text.RCC_HSI48Cmd) refers to stm32f0xx_rcc.o(.text.RCC_HSI48Cmd) for [Anonymous Symbol]
    stm32f0xx_rcc.o(.ARM.exidx.text.RCC_PREDIV1Config) refers to stm32f0xx_rcc.o(.text.RCC_PREDIV1Config) for [Anonymous Symbol]
    stm32f0xx_rcc.o(.ARM.exidx.text.RCC_ClockSecuritySystemCmd) refers to stm32f0xx_rcc.o(.text.RCC_ClockSecuritySystemCmd) for [Anonymous Symbol]
    stm32f0xx_rcc.o(.ARM.exidx.text.RCC_MCOConfig) refers to stm32f0xx_rcc.o(.text.RCC_MCOConfig) for [Anonymous Symbol]
    stm32f0xx_rcc.o(.ARM.exidx.text.RCC_SYSCLKConfig) refers to stm32f0xx_rcc.o(.text.RCC_SYSCLKConfig) for [Anonymous Symbol]
    stm32f0xx_rcc.o(.ARM.exidx.text.RCC_GetSYSCLKSource) refers to stm32f0xx_rcc.o(.text.RCC_GetSYSCLKSource) for [Anonymous Symbol]
    stm32f0xx_rcc.o(.ARM.exidx.text.RCC_HCLKConfig) refers to stm32f0xx_rcc.o(.text.RCC_HCLKConfig) for [Anonymous Symbol]
    stm32f0xx_rcc.o(.ARM.exidx.text.RCC_PCLKConfig) refers to stm32f0xx_rcc.o(.text.RCC_PCLKConfig) for [Anonymous Symbol]
    stm32f0xx_rcc.o(.ARM.exidx.text.RCC_ADCCLKConfig) refers to stm32f0xx_rcc.o(.text.RCC_ADCCLKConfig) for [Anonymous Symbol]
    stm32f0xx_rcc.o(.ARM.exidx.text.RCC_CECCLKConfig) refers to stm32f0xx_rcc.o(.text.RCC_CECCLKConfig) for [Anonymous Symbol]
    stm32f0xx_rcc.o(.ARM.exidx.text.RCC_I2CCLKConfig) refers to stm32f0xx_rcc.o(.text.RCC_I2CCLKConfig) for [Anonymous Symbol]
    stm32f0xx_rcc.o(.ARM.exidx.text.RCC_USARTCLKConfig) refers to stm32f0xx_rcc.o(.text.RCC_USARTCLKConfig) for [Anonymous Symbol]
    stm32f0xx_rcc.o(.ARM.exidx.text.RCC_USBCLKConfig) refers to stm32f0xx_rcc.o(.text.RCC_USBCLKConfig) for [Anonymous Symbol]
    stm32f0xx_rcc.o(.text.RCC_GetClocksFreq) refers to aeabi_sdiv.o(.text) for __aeabi_uidiv
    stm32f0xx_rcc.o(.text.RCC_GetClocksFreq) refers to stm32f0xx_rcc.o(.rodata.APBAHBPrescTable) for [Anonymous Symbol]
    stm32f0xx_rcc.o(.ARM.exidx.text.RCC_GetClocksFreq) refers to stm32f0xx_rcc.o(.text.RCC_GetClocksFreq) for [Anonymous Symbol]
    stm32f0xx_rcc.o(.ARM.exidx.text.RCC_RTCCLKConfig) refers to stm32f0xx_rcc.o(.text.RCC_RTCCLKConfig) for [Anonymous Symbol]
    stm32f0xx_rcc.o(.ARM.exidx.text.RCC_RTCCLKCmd) refers to stm32f0xx_rcc.o(.text.RCC_RTCCLKCmd) for [Anonymous Symbol]
    stm32f0xx_rcc.o(.ARM.exidx.text.RCC_BackupResetCmd) refers to stm32f0xx_rcc.o(.text.RCC_BackupResetCmd) for [Anonymous Symbol]
    stm32f0xx_rcc.o(.ARM.exidx.text.RCC_AHBPeriphClockCmd) refers to stm32f0xx_rcc.o(.text.RCC_AHBPeriphClockCmd) for [Anonymous Symbol]
    stm32f0xx_rcc.o(.ARM.exidx.text.RCC_APB2PeriphClockCmd) refers to stm32f0xx_rcc.o(.text.RCC_APB2PeriphClockCmd) for [Anonymous Symbol]
    stm32f0xx_rcc.o(.ARM.exidx.text.RCC_APB1PeriphClockCmd) refers to stm32f0xx_rcc.o(.text.RCC_APB1PeriphClockCmd) for [Anonymous Symbol]
    stm32f0xx_rcc.o(.ARM.exidx.text.RCC_AHBPeriphResetCmd) refers to stm32f0xx_rcc.o(.text.RCC_AHBPeriphResetCmd) for [Anonymous Symbol]
    stm32f0xx_rcc.o(.ARM.exidx.text.RCC_APB2PeriphResetCmd) refers to stm32f0xx_rcc.o(.text.RCC_APB2PeriphResetCmd) for [Anonymous Symbol]
    stm32f0xx_rcc.o(.ARM.exidx.text.RCC_APB1PeriphResetCmd) refers to stm32f0xx_rcc.o(.text.RCC_APB1PeriphResetCmd) for [Anonymous Symbol]
    stm32f0xx_rcc.o(.ARM.exidx.text.RCC_ITConfig) refers to stm32f0xx_rcc.o(.text.RCC_ITConfig) for [Anonymous Symbol]
    stm32f0xx_rcc.o(.ARM.exidx.text.RCC_ClearFlag) refers to stm32f0xx_rcc.o(.text.RCC_ClearFlag) for [Anonymous Symbol]
    stm32f0xx_rcc.o(.ARM.exidx.text.RCC_GetITStatus) refers to stm32f0xx_rcc.o(.text.RCC_GetITStatus) for [Anonymous Symbol]
    stm32f0xx_rcc.o(.ARM.exidx.text.RCC_ClearITPendingBit) refers to stm32f0xx_rcc.o(.text.RCC_ClearITPendingBit) for [Anonymous Symbol]
    system_stm32f0xx.o(.text.SystemInit) refers to system_stm32f0xx.o(.text.SetSysClock) for SetSysClock
    system_stm32f0xx.o(.ARM.exidx.text.SystemInit) refers to system_stm32f0xx.o(.text.SystemInit) for [Anonymous Symbol]
    system_stm32f0xx.o(.ARM.exidx.text.SetSysClock) refers to system_stm32f0xx.o(.text.SetSysClock) for [Anonymous Symbol]
    system_stm32f0xx.o(.text.SystemCoreClockUpdate) refers to aeabi_sdiv.o(.text) for __aeabi_uidiv
    system_stm32f0xx.o(.text.SystemCoreClockUpdate) refers to system_stm32f0xx.o(.data.SystemCoreClock) for SystemCoreClock
    system_stm32f0xx.o(.text.SystemCoreClockUpdate) refers to system_stm32f0xx.o(.rodata.AHBPrescTable) for AHBPrescTable
    system_stm32f0xx.o(.ARM.exidx.text.SystemCoreClockUpdate) refers to system_stm32f0xx.o(.text.SystemCoreClockUpdate) for [Anonymous Symbol]
    startup_stm32f072.o(STACK) refers (Special) to heapauxi.o(.text) for __use_two_region_memory
    startup_stm32f072.o(HEAP) refers (Special) to heapauxi.o(.text) for __use_two_region_memory
    startup_stm32f072.o(RESET) refers (Special) to heapauxi.o(.text) for __use_two_region_memory
    startup_stm32f072.o(RESET) refers to startup_stm32f072.o(STACK) for __initial_sp
    startup_stm32f072.o(RESET) refers to startup_stm32f072.o(.text) for Reset_Handler
    startup_stm32f072.o(.text) refers (Special) to heapauxi.o(.text) for __use_two_region_memory
    startup_stm32f072.o(.text) refers to startup_stm32f072.o(STACK) for __initial_sp
    startup_stm32f072.o(.text) refers to system_stm32f0xx.o(.text.SystemInit) for SystemInit
    startup_stm32f072.o(.text) refers to __main.o(!!!main) for __main
    startup_stm32f072.o(.text) refers to startup_stm32f072.o(HEAP) for Heap_Mem
    main.o(.text.main) refers to main.o(.text.SysTick_Init) for SysTick_Init
    main.o(.text.main) refers to board_led.o(.text.LED_Initialize) for LED_Initialize
    main.o(.text.main) refers to board_button.o(.text.Button_Initialize) for Button_Initialize
    main.o(.text.main) refers to board_button.o(.text.Button_GetState) for Button_GetState
    main.o(.text.main) refers to board_led.o(.text.LED_SetOut) for LED_SetOut
    main.o(.text.main) refers to sysdelay.o(.text.SysDelay_Delay) for SysDelay_Delay
    main.o(.ARM.exidx.text.main) refers to main.o(.text.main) for [Anonymous Symbol]
    main.o(.text.SysTick_Init) refers to aeabi_sdiv.o(.text) for __aeabi_uidiv
    main.o(.text.SysTick_Init) refers to main.o(.text.SysTick_Config) for SysTick_Config
    main.o(.text.SysTick_Init) refers to system_stm32f0xx.o(.data.SystemCoreClock) for SystemCoreClock
    main.o(.ARM.exidx.text.SysTick_Init) refers to main.o(.text.SysTick_Init) for [Anonymous Symbol]
    main.o(.text.SysTick_Config) refers to main.o(.text.NVIC_SetPriority) for NVIC_SetPriority
    main.o(.ARM.exidx.text.SysTick_Config) refers to main.o(.text.SysTick_Config) for [Anonymous Symbol]
    main.o(.ARM.exidx.text.NVIC_SetPriority) refers to main.o(.text.NVIC_SetPriority) for [Anonymous Symbol]
    sysdelay.o(.text.SysDelay_IncTicks) refers to sysdelay.o(.bss.uwTick) for [Anonymous Symbol]
    sysdelay.o(.ARM.exidx.text.SysDelay_IncTicks) refers to sysdelay.o(.text.SysDelay_IncTicks) for [Anonymous Symbol]
    sysdelay.o(.text.SysDelay_GetTicks) refers to sysdelay.o(.bss.uwTick) for [Anonymous Symbol]
    sysdelay.o(.ARM.exidx.text.SysDelay_GetTicks) refers to sysdelay.o(.text.SysDelay_GetTicks) for [Anonymous Symbol]
    sysdelay.o(.text.SysDelay_Delay) refers to sysdelay.o(.text.SysDelay_GetTicks) for SysDelay_GetTicks
    sysdelay.o(.ARM.exidx.text.SysDelay_Delay) refers to sysdelay.o(.text.SysDelay_Delay) for [Anonymous Symbol]
    board_led.o(.text.LED_Initialize) refers to stm32f0xx_gpio.o(.text.GPIO_StructInit) for GPIO_StructInit
    board_led.o(.text.LED_Initialize) refers to stm32f0xx_gpio.o(.text.GPIO_SetBits) for GPIO_SetBits
    board_led.o(.text.LED_Initialize) refers to stm32f0xx_gpio.o(.text.GPIO_Init) for GPIO_Init
    board_led.o(.text.LED_Initialize) refers to board_led.o(.rodata.LED_PIN) for [Anonymous Symbol]
    board_led.o(.ARM.exidx.text.LED_Initialize) refers to board_led.o(.text.LED_Initialize) for [Anonymous Symbol]
    board_led.o(.text.LED_On) refers to stm32f0xx_gpio.o(.text.GPIO_WriteBit) for GPIO_WriteBit
    board_led.o(.text.LED_On) refers to board_led.o(.rodata.LED_PIN) for [Anonymous Symbol]
    board_led.o(.ARM.exidx.text.LED_On) refers to board_led.o(.text.LED_On) for [Anonymous Symbol]
    board_led.o(.text.LED_Off) refers to stm32f0xx_gpio.o(.text.GPIO_WriteBit) for GPIO_WriteBit
    board_led.o(.text.LED_Off) refers to board_led.o(.rodata.LED_PIN) for [Anonymous Symbol]
    board_led.o(.ARM.exidx.text.LED_Off) refers to board_led.o(.text.LED_Off) for [Anonymous Symbol]
    board_led.o(.text.LED_SetOut) refers to board_led.o(.text.LED_On) for LED_On
    board_led.o(.text.LED_SetOut) refers to board_led.o(.text.LED_Off) for LED_Off
    board_led.o(.ARM.exidx.text.LED_SetOut) refers to board_led.o(.text.LED_SetOut) for [Anonymous Symbol]
    board_led.o(.text.LED_Toggle) refers to board_led.o(.text.LED_Get) for LED_Get
    board_led.o(.text.LED_Toggle) refers to board_led.o(.text.LED_Off) for LED_Off
    board_led.o(.text.LED_Toggle) refers to board_led.o(.text.LED_On) for LED_On
    board_led.o(.ARM.exidx.text.LED_Toggle) refers to board_led.o(.text.LED_Toggle) for [Anonymous Symbol]
    board_led.o(.text.LED_Get) refers to stm32f0xx_gpio.o(.text.GPIO_ReadOutputDataBit) for GPIO_ReadOutputDataBit
    board_led.o(.text.LED_Get) refers to board_led.o(.rodata.LED_PIN) for [Anonymous Symbol]
    board_led.o(.ARM.exidx.text.LED_Get) refers to board_led.o(.text.LED_Get) for [Anonymous Symbol]
    board_led.o(.ARM.exidx.text.LED_GetCount) refers to board_led.o(.text.LED_GetCount) for [Anonymous Symbol]
    board_button.o(.text.Button_Initialize) refers to stm32f0xx_gpio.o(.text.GPIO_StructInit) for GPIO_StructInit
    board_button.o(.text.Button_Initialize) refers to stm32f0xx_gpio.o(.text.GPIO_Init) for GPIO_Init
    board_button.o(.text.Button_Initialize) refers to board_button.o(.rodata.BUTTON_PIN) for [Anonymous Symbol]
    board_button.o(.ARM.exidx.text.Button_Initialize) refers to board_button.o(.text.Button_Initialize) for [Anonymous Symbol]
    board_button.o(.text.Button_GetState) refers to stm32f0xx_gpio.o(.text.GPIO_ReadInputDataBit) for GPIO_ReadInputDataBit
    board_button.o(.text.Button_GetState) refers to board_button.o(.rodata.BUTTON_PIN) for [Anonymous Symbol]
    board_button.o(.ARM.exidx.text.Button_GetState) refers to board_button.o(.text.Button_GetState) for [Anonymous Symbol]
    __main.o(!!!main) refers to __rtentry.o(.ARM.Collect$$rtentry$$00000000) for __rt_entry
    __rtentry.o(.ARM.Collect$$rtentry$$00000000) refers (Special) to __rtentry2.o(.ARM.Collect$$rtentry$$0000000A) for __rt_entry_li
    __rtentry.o(.ARM.Collect$$rtentry$$00000000) refers (Special) to __rtentry2.o(.ARM.Collect$$rtentry$$0000000D) for __rt_entry_main
    __rtentry.o(.ARM.Collect$$rtentry$$00000000) refers (Special) to __rtentry2.o(.ARM.Collect$$rtentry$$0000000C) for __rt_entry_postli_1
    __rtentry.o(.ARM.Collect$$rtentry$$00000000) refers (Special) to __rtentry2.o(.ARM.Collect$$rtentry$$00000009) for __rt_entry_postsh_1
    __rtentry.o(.ARM.Collect$$rtentry$$00000000) refers (Special) to __rtentry2.o(.ARM.Collect$$rtentry$$00000002) for __rt_entry_presh_1
    __rtentry.o(.ARM.Collect$$rtentry$$00000000) refers (Special) to __rtentry4.o(.ARM.Collect$$rtentry$$00000004) for __rt_entry_sh
    aeabi_idiv0_sigfpe.o(.text) refers to rt_div0.o(.text) for __rt_div0
    __rtentry2.o(.ARM.Collect$$rtentry$$00000008) refers to boardinit2.o(.text) for _platform_post_stackheap_init
    __rtentry2.o(.ARM.Collect$$rtentry$$0000000A) refers to libinit.o(.ARM.Collect$$libinit$$00000000) for __rt_lib_init
    __rtentry2.o(.ARM.Collect$$rtentry$$0000000B) refers to boardinit3.o(.text) for _platform_post_lib_init
    __rtentry2.o(.ARM.Collect$$rtentry$$0000000D) refers to main.o(.text.main) for main
    __rtentry2.o(.ARM.Collect$$rtentry$$0000000D) refers to exit.o(.text) for exit
    __rtentry2.o(.ARM.exidx) refers to __rtentry2.o(.ARM.Collect$$rtentry$$00000001) for .ARM.Collect$$rtentry$$00000001
    __rtentry2.o(.ARM.exidx) refers to __rtentry2.o(.ARM.Collect$$rtentry$$00000008) for .ARM.Collect$$rtentry$$00000008
    __rtentry2.o(.ARM.exidx) refers to __rtentry2.o(.ARM.Collect$$rtentry$$0000000A) for .ARM.Collect$$rtentry$$0000000A
    __rtentry2.o(.ARM.exidx) refers to __rtentry2.o(.ARM.Collect$$rtentry$$0000000B) for .ARM.Collect$$rtentry$$0000000B
    __rtentry2.o(.ARM.exidx) refers to __rtentry2.o(.ARM.Collect$$rtentry$$0000000D) for .ARM.Collect$$rtentry$$0000000D
    __rtentry4.o(.ARM.Collect$$rtentry$$00000004) refers to sys_stackheap_outer.o(.text) for __user_setup_stackheap
    __rtentry4.o(.ARM.exidx) refers to __rtentry4.o(.ARM.Collect$$rtentry$$00000004) for .ARM.Collect$$rtentry$$00000004
    rt_div0.o(.text) refers to defsig_fpe_outer.o(.text) for __rt_SIGFPE
    sys_stackheap_outer.o(.text) refers to libspace.o(.text) for __user_perproc_libspace
    sys_stackheap_outer.o(.text) refers to startup_stm32f072.o(.text) for __user_initial_stackheap
    sys_stackheap_outer.o(__vectab_stack_and_reset_area) refers to tempstk.o(.text) for __temporary_stack_top
    sys_stackheap_outer.o(__vectab_stack_and_reset_area) refers to __main.o(!!!main) for __main
    exit.o(.text) refers to rtexit.o(.ARM.Collect$$rtexit$$00000000) for __rt_exit
    defsig_fpe_outer.o(.text) refers to defsig_fpe_inner.o(.text) for __rt_SIGFPE_inner
    defsig_fpe_outer.o(.text) refers to defsig_exit.o(.text) for __sig_exit
    defsig_fpe_formal.o(.text) refers to rt_raise.o(.text) for __rt_raise
    libinit.o(.ARM.Collect$$libinit$$00000000) refers (Special) to libinit2.o(.ARM.Collect$$libinit$$00000030) for __rt_lib_init_alloca_1
    libinit.o(.ARM.Collect$$libinit$$00000000) refers (Special) to libinit2.o(.ARM.Collect$$libinit$$0000002E) for __rt_lib_init_argv_1
    libinit.o(.ARM.Collect$$libinit$$00000000) refers (Special) to libinit2.o(.ARM.Collect$$libinit$$0000001D) for __rt_lib_init_atexit_1
    libinit.o(.ARM.Collect$$libinit$$00000000) refers (Special) to libinit2.o(.ARM.Collect$$libinit$$00000023) for __rt_lib_init_clock_1
    libinit.o(.ARM.Collect$$libinit$$00000000) refers (Special) to libinit2.o(.ARM.Collect$$libinit$$00000034) for __rt_lib_init_cpp_1
    libinit.o(.ARM.Collect$$libinit$$00000000) refers (Special) to libinit2.o(.ARM.Collect$$libinit$$00000032) for __rt_lib_init_exceptions_1
    libinit.o(.ARM.Collect$$libinit$$00000000) refers (Special) to libinit2.o(.ARM.Collect$$libinit$$00000002) for __rt_lib_init_fp_1
    libinit.o(.ARM.Collect$$libinit$$00000000) refers (Special) to libinit2.o(.ARM.Collect$$libinit$$00000021) for __rt_lib_init_fp_trap_1
    libinit.o(.ARM.Collect$$libinit$$00000000) refers (Special) to libinit2.o(.ARM.Collect$$libinit$$00000025) for __rt_lib_init_getenv_1
    libinit.o(.ARM.Collect$$libinit$$00000000) refers (Special) to libinit2.o(.ARM.Collect$$libinit$$0000000C) for __rt_lib_init_heap_1
    libinit.o(.ARM.Collect$$libinit$$00000000) refers (Special) to libinit2.o(.ARM.Collect$$libinit$$00000013) for __rt_lib_init_lc_collate_1
    libinit.o(.ARM.Collect$$libinit$$00000000) refers (Special) to libinit2.o(.ARM.Collect$$libinit$$00000015) for __rt_lib_init_lc_ctype_1
    libinit.o(.ARM.Collect$$libinit$$00000000) refers (Special) to libinit2.o(.ARM.Collect$$libinit$$00000017) for __rt_lib_init_lc_monetary_1
    libinit.o(.ARM.Collect$$libinit$$00000000) refers (Special) to libinit2.o(.ARM.Collect$$libinit$$00000019) for __rt_lib_init_lc_numeric_1
    libinit.o(.ARM.Collect$$libinit$$00000000) refers (Special) to libinit2.o(.ARM.Collect$$libinit$$0000001B) for __rt_lib_init_lc_time_1
    libinit.o(.ARM.Collect$$libinit$$00000000) refers (Special) to libinit2.o(.ARM.Collect$$libinit$$00000006) for __rt_lib_init_preinit_1
    libinit.o(.ARM.Collect$$libinit$$00000000) refers (Special) to libinit2.o(.ARM.Collect$$libinit$$00000010) for __rt_lib_init_rand_1
    libinit.o(.ARM.Collect$$libinit$$00000000) refers (Special) to libinit2.o(.ARM.Collect$$libinit$$00000004) for __rt_lib_init_relocate_pie_1
    libinit.o(.ARM.Collect$$libinit$$00000000) refers (Special) to libinit2.o(.ARM.Collect$$libinit$$00000035) for __rt_lib_init_return
    libinit.o(.ARM.Collect$$libinit$$00000000) refers (Special) to libinit2.o(.ARM.Collect$$libinit$$0000001F) for __rt_lib_init_signal_1
    libinit.o(.ARM.Collect$$libinit$$00000000) refers (Special) to libinit2.o(.ARM.Collect$$libinit$$00000027) for __rt_lib_init_stdio_1
    libinit.o(.ARM.Collect$$libinit$$00000000) refers (Special) to libinit2.o(.ARM.Collect$$libinit$$0000000E) for __rt_lib_init_user_alloc_1
    libspace.o(.text) refers to libspace.o(.bss) for __libspace_start
    rtexit.o(.ARM.Collect$$rtexit$$00000000) refers (Special) to rtexit2.o(.ARM.Collect$$rtexit$$00000004) for __rt_exit_exit
    rtexit.o(.ARM.Collect$$rtexit$$00000000) refers (Special) to rtexit2.o(.ARM.Collect$$rtexit$$00000003) for __rt_exit_ls
    rtexit.o(.ARM.Collect$$rtexit$$00000000) refers (Special) to rtexit2.o(.ARM.Collect$$rtexit$$00000002) for __rt_exit_prels_1
    rtexit.o(.ARM.exidx) refers (Special) to rtexit2.o(.ARM.Collect$$rtexit$$00000004) for __rt_exit_exit
    rtexit.o(.ARM.exidx) refers (Special) to rtexit2.o(.ARM.Collect$$rtexit$$00000003) for __rt_exit_ls
    rtexit.o(.ARM.exidx) refers (Special) to rtexit2.o(.ARM.Collect$$rtexit$$00000002) for __rt_exit_prels_1
    rtexit.o(.ARM.exidx) refers to rtexit.o(.ARM.Collect$$rtexit$$00000000) for .ARM.Collect$$rtexit$$00000000
    rt_raise.o(.text) refers to __raise.o(.text) for __raise
    rt_raise.o(.text) refers to sys_exit.o(.text) for _sys_exit
    defsig_exit.o(.text) refers to sys_exit.o(.text) for _sys_exit
    defsig_fpe_inner.o(.text) refers to defsig_general.o(.text) for __default_signal_display
    libinit2.o(.ARM.Collect$$libinit$$00000012) refers to libinit2.o(.ARM.Collect$$libinit$$00000011) for .ARM.Collect$$libinit$$00000011
    libinit2.o(.ARM.Collect$$libinit$$00000014) refers to libinit2.o(.ARM.Collect$$libinit$$00000011) for .ARM.Collect$$libinit$$00000011
    libinit2.o(.ARM.Collect$$libinit$$00000016) refers to libinit2.o(.ARM.Collect$$libinit$$00000011) for .ARM.Collect$$libinit$$00000011
    libinit2.o(.ARM.Collect$$libinit$$00000018) refers to libinit2.o(.ARM.Collect$$libinit$$00000011) for .ARM.Collect$$libinit$$00000011
    libinit2.o(.ARM.Collect$$libinit$$0000001A) refers to libinit2.o(.ARM.Collect$$libinit$$00000011) for .ARM.Collect$$libinit$$00000011
    libinit2.o(.ARM.Collect$$libinit$$00000028) refers to argv_veneer.o(.text) for __ARM_argv_veneer
    libinit2.o(.ARM.Collect$$libinit$$00000029) refers to argv_veneer.o(.text) for __ARM_argv_veneer
    sys_exit.o(.text) refers (Special) to use_no_semi.o(.text) for __I$use$semihosting
    sys_exit.o(.text) refers (Special) to indicate_semi.o(.text) for __semihosting_library_function
    sys_exit_hlt.o(.text) refers (Special) to use_no_semi.o(.text) for __I$use$semihosting
    sys_exit_hlt.o(.text) refers (Special) to indicate_semi.o(.text) for __semihosting_library_function
    rtexit2.o(.ARM.Collect$$rtexit$$00000003) refers to libshutdown.o(.ARM.Collect$$libshutdown$$00000000) for __rt_lib_shutdown
    rtexit2.o(.ARM.Collect$$rtexit$$00000004) refers to sys_exit.o(.text) for _sys_exit
    rtexit2.o(.ARM.exidx) refers to rtexit2.o(.ARM.Collect$$rtexit$$00000001) for .ARM.Collect$$rtexit$$00000001
    rtexit2.o(.ARM.exidx) refers to rtexit2.o(.ARM.Collect$$rtexit$$00000003) for .ARM.Collect$$rtexit$$00000003
    rtexit2.o(.ARM.exidx) refers to rtexit2.o(.ARM.Collect$$rtexit$$00000004) for .ARM.Collect$$rtexit$$00000004
    __raise.o(.text) refers to defsig.o(CL$$defsig) for __default_signal_handler
    defsig_general.o(.text) refers to sys_wrch.o(.text) for _ttywrch
    sys_wrch.o(.text) refers (Special) to use_no_semi.o(.text) for __I$use$semihosting
    sys_wrch.o(.text) refers (Special) to indicate_semi.o(.text) for __semihosting_library_function
    sys_wrch_hlt.o(.text) refers (Special) to use_no_semi.o(.text) for __I$use$semihosting
    sys_wrch_hlt.o(.text) refers (Special) to indicate_semi.o(.text) for __semihosting_library_function
    defsig.o(CL$$defsig) refers to defsig_fpe_inner.o(.text) for __rt_SIGFPE_inner
    defsig.o(CL$$defsig) refers to defsig_rtmem_inner.o(.text) for __rt_SIGRTMEM_inner
    _get_argv_nomalloc.o(.text) refers (Special) to hrguard.o(.text) for __heap_region$guard
    _get_argv_nomalloc.o(.text) refers to defsig_rtmem_outer.o(.text) for __rt_SIGRTMEM
    _get_argv_nomalloc.o(.text) refers to sys_command.o(.text) for _sys_command_string
    libshutdown.o(.ARM.Collect$$libshutdown$$00000000) refers (Special) to libshutdown2.o(.ARM.Collect$$libshutdown$$00000002) for __rt_lib_shutdown_cpp_1
    libshutdown.o(.ARM.Collect$$libshutdown$$00000000) refers (Special) to libshutdown2.o(.ARM.Collect$$libshutdown$$00000007) for __rt_lib_shutdown_fp_trap_1
    libshutdown.o(.ARM.Collect$$libshutdown$$00000000) refers (Special) to libshutdown2.o(.ARM.Collect$$libshutdown$$0000000F) for __rt_lib_shutdown_heap_1
    libshutdown.o(.ARM.Collect$$libshutdown$$00000000) refers (Special) to libshutdown2.o(.ARM.Collect$$libshutdown$$00000010) for __rt_lib_shutdown_return
    libshutdown.o(.ARM.Collect$$libshutdown$$00000000) refers (Special) to libshutdown2.o(.ARM.Collect$$libshutdown$$0000000A) for __rt_lib_shutdown_signal_1
    libshutdown.o(.ARM.Collect$$libshutdown$$00000000) refers (Special) to libshutdown2.o(.ARM.Collect$$libshutdown$$00000004) for __rt_lib_shutdown_stdio_1
    libshutdown.o(.ARM.Collect$$libshutdown$$00000000) refers (Special) to libshutdown2.o(.ARM.Collect$$libshutdown$$0000000C) for __rt_lib_shutdown_user_alloc_1
    sys_command.o(.text) refers (Special) to use_no_semi.o(.text) for __I$use$semihosting
    sys_command.o(.text) refers (Special) to indicate_semi.o(.text) for __semihosting_library_function
    sys_command_hlt.o(.text) refers (Special) to use_no_semi.o(.text) for __I$use$semihosting
    sys_command_hlt.o(.text) refers (Special) to indicate_semi.o(.text) for __semihosting_library_function
    defsig_abrt_inner.o(.text) refers to defsig_general.o(.text) for __default_signal_display
    defsig_rtred_inner.o(.text) refers to defsig_general.o(.text) for __default_signal_display
    defsig_rtmem_inner.o(.text) refers to defsig_general.o(.text) for __default_signal_display
    defsig_rtmem_outer.o(.text) refers to defsig_rtmem_inner.o(.text) for __rt_SIGRTMEM_inner
    defsig_rtmem_outer.o(.text) refers to defsig_exit.o(.text) for __sig_exit
    defsig_rtmem_formal.o(.text) refers to rt_raise.o(.text) for __rt_raise
    defsig_stak_inner.o(.text) refers to defsig_general.o(.text) for __default_signal_display
    defsig_pvfn_inner.o(.text) refers to defsig_general.o(.text) for __default_signal_display
    defsig_cppl_inner.o(.text) refers to defsig_general.o(.text) for __default_signal_display
    defsig_segv_inner.o(.text) refers to defsig_general.o(.text) for __default_signal_display
    defsig_other.o(.text) refers to defsig_general.o(.text) for __default_signal_display


==============================================================================

Removing Unused input sections from the image.

    Removing stm32f0xx_gpio.o(.text), (0 bytes).
    Removing stm32f0xx_gpio.o(.text.GPIO_DeInit), (224 bytes).
    Removing stm32f0xx_gpio.o(.ARM.exidx.text.GPIO_DeInit), (8 bytes).
    Removing stm32f0xx_gpio.o(.ARM.exidx.text.GPIO_Init), (8 bytes).
    Removing stm32f0xx_gpio.o(.ARM.exidx.text.GPIO_StructInit), (8 bytes).
    Removing stm32f0xx_gpio.o(.text.GPIO_PinLockConfig), (56 bytes).
    Removing stm32f0xx_gpio.o(.ARM.exidx.text.GPIO_PinLockConfig), (8 bytes).
    Removing stm32f0xx_gpio.o(.ARM.exidx.text.GPIO_ReadInputDataBit), (8 bytes).
    Removing stm32f0xx_gpio.o(.text.GPIO_ReadInputData), (12 bytes).
    Removing stm32f0xx_gpio.o(.ARM.exidx.text.GPIO_ReadInputData), (8 bytes).
    Removing stm32f0xx_gpio.o(.text.GPIO_ReadOutputDataBit), (54 bytes).
    Removing stm32f0xx_gpio.o(.ARM.exidx.text.GPIO_ReadOutputDataBit), (8 bytes).
    Removing stm32f0xx_gpio.o(.text.GPIO_ReadOutputData), (12 bytes).
    Removing stm32f0xx_gpio.o(.ARM.exidx.text.GPIO_ReadOutputData), (8 bytes).
    Removing stm32f0xx_gpio.o(.ARM.exidx.text.GPIO_SetBits), (8 bytes).
    Removing stm32f0xx_gpio.o(.text.GPIO_ResetBits), (18 bytes).
    Removing stm32f0xx_gpio.o(.ARM.exidx.text.GPIO_ResetBits), (8 bytes).
    Removing stm32f0xx_gpio.o(.ARM.exidx.text.GPIO_WriteBit), (8 bytes).
    Removing stm32f0xx_gpio.o(.text.GPIO_Write), (18 bytes).
    Removing stm32f0xx_gpio.o(.ARM.exidx.text.GPIO_Write), (8 bytes).
    Removing stm32f0xx_gpio.o(.text.GPIO_PinAFConfig), (96 bytes).
    Removing stm32f0xx_gpio.o(.ARM.exidx.text.GPIO_PinAFConfig), (8 bytes).
    Removing stm32f0xx_rcc.o(.text), (0 bytes).
    Removing stm32f0xx_rcc.o(.text.RCC_DeInit), (120 bytes).
    Removing stm32f0xx_rcc.o(.ARM.exidx.text.RCC_DeInit), (8 bytes).
    Removing stm32f0xx_rcc.o(.text.RCC_HSEConfig), (24 bytes).
    Removing stm32f0xx_rcc.o(.ARM.exidx.text.RCC_HSEConfig), (8 bytes).
    Removing stm32f0xx_rcc.o(.text.RCC_WaitForHSEStartUp), (110 bytes).
    Removing stm32f0xx_rcc.o(.ARM.exidx.text.RCC_WaitForHSEStartUp), (8 bytes).
    Removing stm32f0xx_rcc.o(.text.RCC_GetFlagStatus), (148 bytes).
    Removing stm32f0xx_rcc.o(.ARM.exidx.text.RCC_GetFlagStatus), (8 bytes).
    Removing stm32f0xx_rcc.o(.text.RCC_AdjustHSICalibrationValue), (48 bytes).
    Removing stm32f0xx_rcc.o(.ARM.exidx.text.RCC_AdjustHSICalibrationValue), (8 bytes).
    Removing stm32f0xx_rcc.o(.text.RCC_HSICmd), (48 bytes).
    Removing stm32f0xx_rcc.o(.ARM.exidx.text.RCC_HSICmd), (8 bytes).
    Removing stm32f0xx_rcc.o(.text.RCC_AdjustHSI14CalibrationValue), (48 bytes).
    Removing stm32f0xx_rcc.o(.ARM.exidx.text.RCC_AdjustHSI14CalibrationValue), (8 bytes).
    Removing stm32f0xx_rcc.o(.text.RCC_HSI14Cmd), (48 bytes).
    Removing stm32f0xx_rcc.o(.ARM.exidx.text.RCC_HSI14Cmd), (8 bytes).
    Removing stm32f0xx_rcc.o(.text.RCC_HSI14ADCRequestCmd), (48 bytes).
    Removing stm32f0xx_rcc.o(.ARM.exidx.text.RCC_HSI14ADCRequestCmd), (8 bytes).
    Removing stm32f0xx_rcc.o(.text.RCC_LSEConfig), (40 bytes).
    Removing stm32f0xx_rcc.o(.ARM.exidx.text.RCC_LSEConfig), (8 bytes).
    Removing stm32f0xx_rcc.o(.text.RCC_LSEDriveConfig), (32 bytes).
    Removing stm32f0xx_rcc.o(.ARM.exidx.text.RCC_LSEDriveConfig), (8 bytes).
    Removing stm32f0xx_rcc.o(.text.RCC_LSICmd), (48 bytes).
    Removing stm32f0xx_rcc.o(.ARM.exidx.text.RCC_LSICmd), (8 bytes).
    Removing stm32f0xx_rcc.o(.text.RCC_PLLConfig), (40 bytes).
    Removing stm32f0xx_rcc.o(.ARM.exidx.text.RCC_PLLConfig), (8 bytes).
    Removing stm32f0xx_rcc.o(.text.RCC_PLLCmd), (52 bytes).
    Removing stm32f0xx_rcc.o(.ARM.exidx.text.RCC_PLLCmd), (8 bytes).
    Removing stm32f0xx_rcc.o(.text.RCC_HSI48Cmd), (52 bytes).
    Removing stm32f0xx_rcc.o(.ARM.exidx.text.RCC_HSI48Cmd), (8 bytes).
    Removing stm32f0xx_rcc.o(.text.RCC_PREDIV1Config), (44 bytes).
    Removing stm32f0xx_rcc.o(.ARM.exidx.text.RCC_PREDIV1Config), (8 bytes).
    Removing stm32f0xx_rcc.o(.text.RCC_ClockSecuritySystemCmd), (52 bytes).
    Removing stm32f0xx_rcc.o(.ARM.exidx.text.RCC_ClockSecuritySystemCmd), (8 bytes).
    Removing stm32f0xx_rcc.o(.text.RCC_MCOConfig), (56 bytes).
    Removing stm32f0xx_rcc.o(.ARM.exidx.text.RCC_MCOConfig), (8 bytes).
    Removing stm32f0xx_rcc.o(.text.RCC_SYSCLKConfig), (44 bytes).
    Removing stm32f0xx_rcc.o(.ARM.exidx.text.RCC_SYSCLKConfig), (8 bytes).
    Removing stm32f0xx_rcc.o(.text.RCC_GetSYSCLKSource), (16 bytes).
    Removing stm32f0xx_rcc.o(.ARM.exidx.text.RCC_GetSYSCLKSource), (8 bytes).
    Removing stm32f0xx_rcc.o(.text.RCC_HCLKConfig), (44 bytes).
    Removing stm32f0xx_rcc.o(.ARM.exidx.text.RCC_HCLKConfig), (8 bytes).
    Removing stm32f0xx_rcc.o(.text.RCC_PCLKConfig), (44 bytes).
    Removing stm32f0xx_rcc.o(.ARM.exidx.text.RCC_PCLKConfig), (8 bytes).
    Removing stm32f0xx_rcc.o(.text.RCC_ADCCLKConfig), (60 bytes).
    Removing stm32f0xx_rcc.o(.ARM.exidx.text.RCC_ADCCLKConfig), (8 bytes).
    Removing stm32f0xx_rcc.o(.text.RCC_CECCLKConfig), (32 bytes).
    Removing stm32f0xx_rcc.o(.ARM.exidx.text.RCC_CECCLKConfig), (8 bytes).
    Removing stm32f0xx_rcc.o(.text.RCC_I2CCLKConfig), (32 bytes).
    Removing stm32f0xx_rcc.o(.ARM.exidx.text.RCC_I2CCLKConfig), (8 bytes).
    Removing stm32f0xx_rcc.o(.text.RCC_USARTCLKConfig), (92 bytes).
    Removing stm32f0xx_rcc.o(.ARM.exidx.text.RCC_USARTCLKConfig), (8 bytes).
    Removing stm32f0xx_rcc.o(.text.RCC_USBCLKConfig), (32 bytes).
    Removing stm32f0xx_rcc.o(.ARM.exidx.text.RCC_USBCLKConfig), (8 bytes).
    Removing stm32f0xx_rcc.o(.text.RCC_GetClocksFreq), (792 bytes).
    Removing stm32f0xx_rcc.o(.ARM.exidx.text.RCC_GetClocksFreq), (8 bytes).
    Removing stm32f0xx_rcc.o(.text.RCC_RTCCLKConfig), (24 bytes).
    Removing stm32f0xx_rcc.o(.ARM.exidx.text.RCC_RTCCLKConfig), (8 bytes).
    Removing stm32f0xx_rcc.o(.text.RCC_RTCCLKCmd), (52 bytes).
    Removing stm32f0xx_rcc.o(.ARM.exidx.text.RCC_RTCCLKCmd), (8 bytes).
    Removing stm32f0xx_rcc.o(.text.RCC_BackupResetCmd), (52 bytes).
    Removing stm32f0xx_rcc.o(.ARM.exidx.text.RCC_BackupResetCmd), (8 bytes).
    Removing stm32f0xx_rcc.o(.text.RCC_AHBPeriphClockCmd), (48 bytes).
    Removing stm32f0xx_rcc.o(.ARM.exidx.text.RCC_AHBPeriphClockCmd), (8 bytes).
    Removing stm32f0xx_rcc.o(.text.RCC_APB2PeriphClockCmd), (48 bytes).
    Removing stm32f0xx_rcc.o(.ARM.exidx.text.RCC_APB2PeriphClockCmd), (8 bytes).
    Removing stm32f0xx_rcc.o(.text.RCC_APB1PeriphClockCmd), (48 bytes).
    Removing stm32f0xx_rcc.o(.ARM.exidx.text.RCC_APB1PeriphClockCmd), (8 bytes).
    Removing stm32f0xx_rcc.o(.text.RCC_AHBPeriphResetCmd), (48 bytes).
    Removing stm32f0xx_rcc.o(.ARM.exidx.text.RCC_AHBPeriphResetCmd), (8 bytes).
    Removing stm32f0xx_rcc.o(.text.RCC_APB2PeriphResetCmd), (48 bytes).
    Removing stm32f0xx_rcc.o(.ARM.exidx.text.RCC_APB2PeriphResetCmd), (8 bytes).
    Removing stm32f0xx_rcc.o(.text.RCC_APB1PeriphResetCmd), (48 bytes).
    Removing stm32f0xx_rcc.o(.ARM.exidx.text.RCC_APB1PeriphResetCmd), (8 bytes).
    Removing stm32f0xx_rcc.o(.text.RCC_ITConfig), (52 bytes).
    Removing stm32f0xx_rcc.o(.ARM.exidx.text.RCC_ITConfig), (8 bytes).
    Removing stm32f0xx_rcc.o(.text.RCC_ClearFlag), (20 bytes).
    Removing stm32f0xx_rcc.o(.ARM.exidx.text.RCC_ClearFlag), (8 bytes).
    Removing stm32f0xx_rcc.o(.text.RCC_GetITStatus), (52 bytes).
    Removing stm32f0xx_rcc.o(.ARM.exidx.text.RCC_GetITStatus), (8 bytes).
    Removing stm32f0xx_rcc.o(.text.RCC_ClearITPendingBit), (20 bytes).
    Removing stm32f0xx_rcc.o(.ARM.exidx.text.RCC_ClearITPendingBit), (8 bytes).
    Removing stm32f0xx_rcc.o(.rodata.APBAHBPrescTable), (16 bytes).
    Removing system_stm32f0xx.o(.text), (0 bytes).
    Removing system_stm32f0xx.o(.ARM.exidx.text.SystemInit), (8 bytes).
    Removing system_stm32f0xx.o(.ARM.exidx.text.SetSysClock), (8 bytes).
    Removing system_stm32f0xx.o(.text.SystemCoreClockUpdate), (212 bytes).
    Removing system_stm32f0xx.o(.ARM.exidx.text.SystemCoreClockUpdate), (8 bytes).
    Removing system_stm32f0xx.o(.rodata.AHBPrescTable), (16 bytes).
    Removing main.o(.text), (0 bytes).
    Removing main.o(.ARM.exidx.text.main), (8 bytes).
    Removing main.o(.ARM.exidx.text.SysTick_Init), (8 bytes).
    Removing main.o(.ARM.exidx.text.SysTick_Config), (8 bytes).
    Removing main.o(.ARM.exidx.text.NVIC_SetPriority), (8 bytes).
    Removing main.o(.ARM.use_no_argv), (4 bytes).
    Removing sysdelay.o(.text), (0 bytes).
    Removing sysdelay.o(.text.SysDelay_IncTicks), (16 bytes).
    Removing sysdelay.o(.ARM.exidx.text.SysDelay_IncTicks), (8 bytes).
    Removing sysdelay.o(.ARM.exidx.text.SysDelay_GetTicks), (8 bytes).
    Removing sysdelay.o(.ARM.exidx.text.SysDelay_Delay), (8 bytes).
    Removing board_led.o(.text), (0 bytes).
    Removing board_led.o(.ARM.exidx.text.LED_Initialize), (8 bytes).
    Removing board_led.o(.ARM.exidx.text.LED_On), (8 bytes).
    Removing board_led.o(.ARM.exidx.text.LED_Off), (8 bytes).
    Removing board_led.o(.ARM.exidx.text.LED_SetOut), (8 bytes).
    Removing board_led.o(.text.LED_Toggle), (38 bytes).
    Removing board_led.o(.ARM.exidx.text.LED_Toggle), (8 bytes).
    Removing board_led.o(.text.LED_Get), (52 bytes).
    Removing board_led.o(.ARM.exidx.text.LED_Get), (8 bytes).
    Removing board_led.o(.text.LED_GetCount), (4 bytes).
    Removing board_led.o(.ARM.exidx.text.LED_GetCount), (8 bytes).
    Removing board_button.o(.text), (0 bytes).
    Removing board_button.o(.ARM.exidx.text.Button_Initialize), (8 bytes).
    Removing board_button.o(.ARM.exidx.text.Button_GetState), (8 bytes).

137 unused section(s) (total 4238 bytes) removed from the image.

==============================================================================

Image Symbol Table

    Local Symbols

    Symbol Name                              Value     Ov Type        Size  Object(Section)

    ../clib/angel/boardlib.s                 0x00000000   Number         0  boardinit1.o ABSOLUTE
    ../clib/angel/boardlib.s                 0x00000000   Number         0  boardinit2.o ABSOLUTE
    ../clib/angel/boardlib.s                 0x00000000   Number         0  boardinit3.o ABSOLUTE
    ../clib/angel/boardlib.s                 0x00000000   Number         0  boardshut.o ABSOLUTE
    ../clib/angel/handlers.s                 0x00000000   Number         0  __scatter_copy.o ABSOLUTE
    ../clib/angel/handlers.s                 0x00000000   Number         0  __scatter_zi.o ABSOLUTE
    ../clib/angel/kernel.s                   0x00000000   Number         0  __rtentry.o ABSOLUTE
    ../clib/angel/kernel.s                   0x00000000   Number         0  __rtentry2.o ABSOLUTE
    ../clib/angel/kernel.s                   0x00000000   Number         0  __rtentry4.o ABSOLUTE
    ../clib/angel/kernel.s                   0x00000000   Number         0  rtexit.o ABSOLUTE
    ../clib/angel/kernel.s                   0x00000000   Number         0  rtexit2.o ABSOLUTE
    ../clib/angel/rt.s                       0x00000000   Number         0  aeabi_idiv0.o ABSOLUTE
    ../clib/angel/rt.s                       0x00000000   Number         0  aeabi_idiv0_sigfpe.o ABSOLUTE
    ../clib/angel/rt.s                       0x00000000   Number         0  rt_div0.o ABSOLUTE
    ../clib/angel/rt.s                       0x00000000   Number         0  rt_raise.o ABSOLUTE
    ../clib/angel/scatterp.s                 0x00000000   Number         0  __scatter.o ABSOLUTE
    ../clib/angel/startup.s                  0x00000000   Number         0  __main.o ABSOLUTE
    ../clib/angel/sys.s                      0x00000000   Number         0  sys_stackheap_outer.o ABSOLUTE
    ../clib/angel/sys.s                      0x00000000   Number         0  libspace.o ABSOLUTE
    ../clib/angel/sys.s                      0x00000000   Number         0  tempstk.o ABSOLUTE
    ../clib/angel/sys.s                      0x00000000   Number         0  use_no_semi.o ABSOLUTE
    ../clib/angel/sys.s                      0x00000000   Number         0  indicate_semi.o ABSOLUTE
    ../clib/angel/sysapp.c                   0x00000000   Number         0  sys_exit.o ABSOLUTE
    ../clib/angel/sysapp.c                   0x00000000   Number         0  sys_exit_hlt.o ABSOLUTE
    ../clib/angel/sysapp.c                   0x00000000   Number         0  sys_wrch.o ABSOLUTE
    ../clib/angel/sysapp.c                   0x00000000   Number         0  sys_wrch_hlt.o ABSOLUTE
    ../clib/angel/sysapp.c                   0x00000000   Number         0  sys_command.o ABSOLUTE
    ../clib/angel/sysapp.c                   0x00000000   Number         0  sys_command_hlt.o ABSOLUTE
    ../clib/armsys.c                         0x00000000   Number         0  argv_veneer.o ABSOLUTE
    ../clib/armsys.c                         0x00000000   Number         0  _get_argv_nomalloc.o ABSOLUTE
    ../clib/armsys.c                         0x00000000   Number         0  no_argv.o ABSOLUTE
    ../clib/division.s                       0x00000000   Number         0  aeabi_sdiv.o ABSOLUTE
    ../clib/division.s                       0x00000000   Number         0  aeabi_sdiv_div0.o ABSOLUTE
    ../clib/heapalloc.c                      0x00000000   Number         0  hrguard.o ABSOLUTE
    ../clib/heapaux.c                        0x00000000   Number         0  heapauxi.o ABSOLUTE
    ../clib/libinit.s                        0x00000000   Number         0  libinit.o ABSOLUTE
    ../clib/libinit.s                        0x00000000   Number         0  libinit2.o ABSOLUTE
    ../clib/libinit.s                        0x00000000   Number         0  libshutdown.o ABSOLUTE
    ../clib/libinit.s                        0x00000000   Number         0  libshutdown2.o ABSOLUTE
    ../clib/signal.c                         0x00000000   Number         0  defsig_fpe_outer.o ABSOLUTE
    ../clib/signal.c                         0x00000000   Number         0  defsig_fpe_formal.o ABSOLUTE
    ../clib/signal.c                         0x00000000   Number         0  defsig_exit.o ABSOLUTE
    ../clib/signal.c                         0x00000000   Number         0  defsig_fpe_inner.o ABSOLUTE
    ../clib/signal.c                         0x00000000   Number         0  __raise.o ABSOLUTE
    ../clib/signal.c                         0x00000000   Number         0  defsig_general.o ABSOLUTE
    ../clib/signal.c                         0x00000000   Number         0  defsig_abrt_inner.o ABSOLUTE
    ../clib/signal.c                         0x00000000   Number         0  defsig_rtred_inner.o ABSOLUTE
    ../clib/signal.c                         0x00000000   Number         0  defsig_rtmem_inner.o ABSOLUTE
    ../clib/signal.c                         0x00000000   Number         0  defsig_rtmem_outer.o ABSOLUTE
    ../clib/signal.c                         0x00000000   Number         0  defsig_rtmem_formal.o ABSOLUTE
    ../clib/signal.c                         0x00000000   Number         0  defsig_stak_inner.o ABSOLUTE
    ../clib/signal.c                         0x00000000   Number         0  defsig_pvfn_inner.o ABSOLUTE
    ../clib/signal.c                         0x00000000   Number         0  defsig_cppl_inner.o ABSOLUTE
    ../clib/signal.c                         0x00000000   Number         0  defsig_segv_inner.o ABSOLUTE
    ../clib/signal.c                         0x00000000   Number         0  defsig_other.o ABSOLUTE
    ../clib/signal.s                         0x00000000   Number         0  defsig.o ABSOLUTE
    ../clib/stdlib.c                         0x00000000   Number         0  exit.o ABSOLUTE
    ../fplib/cfplib/fpinit.c                 0x00000000   Number         0  fpinit.o ABSOLUTE
    ..\..\system\cmsis\startup_stm32f072.s   0x00000000   Number         0  startup_stm32f072.o ABSOLUTE
    board_button.c                           0x00000000   Number         0  board_button.o ABSOLUTE
    board_led.c                              0x00000000   Number         0  board_led.o ABSOLUTE
    dc.s                                     0x00000000   Number         0  dc.o ABSOLUTE
    main.c                                   0x00000000   Number         0  main.o ABSOLUTE
    stm32f0xx_gpio.c                         0x00000000   Number         0  stm32f0xx_gpio.o ABSOLUTE
    stm32f0xx_rcc.c                          0x00000000   Number         0  stm32f0xx_rcc.o ABSOLUTE
    sysdelay.c                               0x00000000   Number         0  sysdelay.o ABSOLUTE
    system_stm32f0xx.c                       0x00000000   Number         0  system_stm32f0xx.o ABSOLUTE
    RESET                                    0x08000000   Section      192  startup_stm32f072.o(RESET)
    !!!main                                  0x080000c0   Section        8  __main.o(!!!main)
    !!!scatter                               0x080000c8   Section       84  __scatter.o(!!!scatter)
    !!handler_copy                           0x0800011c   Section       26  __scatter_copy.o(!!handler_copy)
    !!handler_null                           0x08000138   Section        2  __scatter.o(!!handler_null)
    !!handler_zi                             0x0800013c   Section       28  __scatter_zi.o(!!handler_zi)
    .ARM.Collect$$libinit$$00000000          0x08000158   Section        2  libinit.o(.ARM.Collect$$libinit$$00000000)
    .ARM.Collect$$libinit$$00000002          0x0800015a   Section        0  libinit2.o(.ARM.Collect$$libinit$$00000002)
    .ARM.Collect$$libinit$$00000004          0x0800015a   Section        0  libinit2.o(.ARM.Collect$$libinit$$00000004)
    .ARM.Collect$$libinit$$00000006          0x0800015a   Section        0  libinit2.o(.ARM.Collect$$libinit$$00000006)
    .ARM.Collect$$libinit$$0000000C          0x0800015a   Section        0  libinit2.o(.ARM.Collect$$libinit$$0000000C)
    .ARM.Collect$$libinit$$0000000E          0x0800015a   Section        0  libinit2.o(.ARM.Collect$$libinit$$0000000E)
    .ARM.Collect$$libinit$$00000010          0x0800015a   Section        0  libinit2.o(.ARM.Collect$$libinit$$00000010)
    .ARM.Collect$$libinit$$00000013          0x0800015a   Section        0  libinit2.o(.ARM.Collect$$libinit$$00000013)
    .ARM.Collect$$libinit$$00000015          0x0800015a   Section        0  libinit2.o(.ARM.Collect$$libinit$$00000015)
    .ARM.Collect$$libinit$$00000017          0x0800015a   Section        0  libinit2.o(.ARM.Collect$$libinit$$00000017)
    .ARM.Collect$$libinit$$00000019          0x0800015a   Section        0  libinit2.o(.ARM.Collect$$libinit$$00000019)
    .ARM.Collect$$libinit$$0000001B          0x0800015a   Section        0  libinit2.o(.ARM.Collect$$libinit$$0000001B)
    .ARM.Collect$$libinit$$0000001D          0x0800015a   Section        0  libinit2.o(.ARM.Collect$$libinit$$0000001D)
    .ARM.Collect$$libinit$$0000001F          0x0800015a   Section        0  libinit2.o(.ARM.Collect$$libinit$$0000001F)
    .ARM.Collect$$libinit$$00000021          0x0800015a   Section        0  libinit2.o(.ARM.Collect$$libinit$$00000021)
    .ARM.Collect$$libinit$$00000023          0x0800015a   Section        0  libinit2.o(.ARM.Collect$$libinit$$00000023)
    .ARM.Collect$$libinit$$00000025          0x0800015a   Section        0  libinit2.o(.ARM.Collect$$libinit$$00000025)
    .ARM.Collect$$libinit$$00000027          0x0800015a   Section        0  libinit2.o(.ARM.Collect$$libinit$$00000027)
    .ARM.Collect$$libinit$$0000002E          0x0800015a   Section        0  libinit2.o(.ARM.Collect$$libinit$$0000002E)
    .ARM.Collect$$libinit$$00000030          0x0800015a   Section        0  libinit2.o(.ARM.Collect$$libinit$$00000030)
    .ARM.Collect$$libinit$$00000032          0x0800015a   Section        0  libinit2.o(.ARM.Collect$$libinit$$00000032)
    .ARM.Collect$$libinit$$00000034          0x0800015a   Section        0  libinit2.o(.ARM.Collect$$libinit$$00000034)
    .ARM.Collect$$libinit$$00000035          0x0800015a   Section        2  libinit2.o(.ARM.Collect$$libinit$$00000035)
    .ARM.Collect$$libshutdown$$00000000      0x0800015c   Section        2  libshutdown.o(.ARM.Collect$$libshutdown$$00000000)
    .ARM.Collect$$libshutdown$$00000002      0x0800015e   Section        0  libshutdown2.o(.ARM.Collect$$libshutdown$$00000002)
    .ARM.Collect$$libshutdown$$00000004      0x0800015e   Section        0  libshutdown2.o(.ARM.Collect$$libshutdown$$00000004)
    .ARM.Collect$$libshutdown$$00000007      0x0800015e   Section        0  libshutdown2.o(.ARM.Collect$$libshutdown$$00000007)
    .ARM.Collect$$libshutdown$$0000000A      0x0800015e   Section        0  libshutdown2.o(.ARM.Collect$$libshutdown$$0000000A)
    .ARM.Collect$$libshutdown$$0000000C      0x0800015e   Section        0  libshutdown2.o(.ARM.Collect$$libshutdown$$0000000C)
    .ARM.Collect$$libshutdown$$0000000F      0x0800015e   Section        0  libshutdown2.o(.ARM.Collect$$libshutdown$$0000000F)
    .ARM.Collect$$libshutdown$$00000010      0x0800015e   Section        2  libshutdown2.o(.ARM.Collect$$libshutdown$$00000010)
    .ARM.Collect$$rtentry$$00000000          0x08000160   Section        0  __rtentry.o(.ARM.Collect$$rtentry$$00000000)
    .ARM.Collect$$rtentry$$00000002          0x08000160   Section        0  __rtentry2.o(.ARM.Collect$$rtentry$$00000002)
    .ARM.Collect$$rtentry$$00000004          0x08000160   Section        6  __rtentry4.o(.ARM.Collect$$rtentry$$00000004)
    .ARM.Collect$$rtentry$$00000009          0x08000166   Section        0  __rtentry2.o(.ARM.Collect$$rtentry$$00000009)
    .ARM.Collect$$rtentry$$0000000A          0x08000166   Section        4  __rtentry2.o(.ARM.Collect$$rtentry$$0000000A)
    .ARM.Collect$$rtentry$$0000000C          0x0800016a   Section        0  __rtentry2.o(.ARM.Collect$$rtentry$$0000000C)
    .ARM.Collect$$rtentry$$0000000D          0x0800016a   Section        8  __rtentry2.o(.ARM.Collect$$rtentry$$0000000D)
    .ARM.Collect$$rtexit$$00000000           0x08000172   Section        2  rtexit.o(.ARM.Collect$$rtexit$$00000000)
    .ARM.Collect$$rtexit$$00000002           0x08000174   Section        0  rtexit2.o(.ARM.Collect$$rtexit$$00000002)
    .ARM.Collect$$rtexit$$00000003           0x08000174   Section        4  rtexit2.o(.ARM.Collect$$rtexit$$00000003)
    .ARM.Collect$$rtexit$$00000004           0x08000178   Section        6  rtexit2.o(.ARM.Collect$$rtexit$$00000004)
    .text                                    0x08000180   Section      116  startup_stm32f072.o(.text)
    .text                                    0x080001f4   Section      364  aeabi_sdiv.o(.text)
    .text                                    0x08000360   Section        0  heapauxi.o(.text)
    .text                                    0x08000366   Section       62  sys_stackheap_outer.o(.text)
    .text                                    0x080003a4   Section        0  exit.o(.text)
    .text                                    0x080003b4   Section        8  libspace.o(.text)
    .text                                    0x080003bc   Section        0  sys_exit.o(.text)
    .text                                    0x080003c8   Section        2  use_no_semi.o(.text)
    .text                                    0x080003ca   Section        0  indicate_semi.o(.text)
    [Anonymous Symbol]                       0x080003cc   Section        0  board_button.o(.text.Button_GetState)
    [Anonymous Symbol]                       0x08000414   Section        0  board_button.o(.text.Button_Initialize)
    __arm_cp.0_1                             0x08000470   Number         4  board_button.o(.text.Button_Initialize)
    [Anonymous Symbol]                       0x08000474   Section        0  stm32f0xx_gpio.o(.text.GPIO_Init)
    [Anonymous Symbol]                       0x08000558   Section        0  stm32f0xx_gpio.o(.text.GPIO_ReadInputDataBit)
    [Anonymous Symbol]                       0x0800058e   Section        0  stm32f0xx_gpio.o(.text.GPIO_SetBits)
    [Anonymous Symbol]                       0x080005a0   Section        0  stm32f0xx_gpio.o(.text.GPIO_StructInit)
    __arm_cp.2_0                             0x080005c4   Number         4  stm32f0xx_gpio.o(.text.GPIO_StructInit)
    [Anonymous Symbol]                       0x080005c8   Section        0  stm32f0xx_gpio.o(.text.GPIO_WriteBit)
    [Anonymous Symbol]                       0x080005f4   Section        0  board_led.o(.text.LED_Initialize)
    __arm_cp.0_0                             0x0800065c   Number         4  board_led.o(.text.LED_Initialize)
    [Anonymous Symbol]                       0x08000660   Section        0  board_led.o(.text.LED_Off)
    [Anonymous Symbol]                       0x0800067c   Section        0  board_led.o(.text.LED_On)
    __arm_cp.1_0                             0x08000698   Number         4  board_led.o(.text.LED_On)
    [Anonymous Symbol]                       0x0800069c   Section        0  board_led.o(.text.LED_SetOut)
    NVIC_SetPriority                         0x080006dd   Thumb Code   124  main.o(.text.NVIC_SetPriority)
    [Anonymous Symbol]                       0x080006dc   Section        0  main.o(.text.NVIC_SetPriority)
    __arm_cp.3_0                             0x08000758   Number         4  main.o(.text.NVIC_SetPriority)
    __arm_cp.3_1                             0x0800075c   Number         4  main.o(.text.NVIC_SetPriority)
    SetSysClock                              0x08000761   Thumb Code   220  system_stm32f0xx.o(.text.SetSysClock)
    [Anonymous Symbol]                       0x08000760   Section        0  system_stm32f0xx.o(.text.SetSysClock)
    __arm_cp.1_1                             0x0800083c   Number         4  system_stm32f0xx.o(.text.SetSysClock)
    [Anonymous Symbol]                       0x08000840   Section        0  sysdelay.o(.text.SysDelay_Delay)
    [Anonymous Symbol]                       0x08000868   Section        0  sysdelay.o(.text.SysDelay_GetTicks)
    __arm_cp.1_0                             0x08000870   Number         4  sysdelay.o(.text.SysDelay_GetTicks)
    SysTick_Config                           0x08000875   Thumb Code    68  main.o(.text.SysTick_Config)
    [Anonymous Symbol]                       0x08000874   Section        0  main.o(.text.SysTick_Config)
    __arm_cp.2_0                             0x080008b8   Number         4  main.o(.text.SysTick_Config)
    __arm_cp.2_1                             0x080008bc   Number         4  main.o(.text.SysTick_Config)
    __arm_cp.2_2                             0x080008c0   Number         4  main.o(.text.SysTick_Config)
    SysTick_Init                             0x080008c5   Thumb Code    20  main.o(.text.SysTick_Init)
    [Anonymous Symbol]                       0x080008c4   Section        0  main.o(.text.SysTick_Init)
    __arm_cp.1_0                             0x080008d8   Number         4  main.o(.text.SysTick_Init)
    [Anonymous Symbol]                       0x080008dc   Section        0  system_stm32f0xx.o(.text.SystemInit)
    __arm_cp.0_0                             0x08000938   Number         4  system_stm32f0xx.o(.text.SystemInit)
    __arm_cp.0_1                             0x0800093c   Number         4  system_stm32f0xx.o(.text.SystemInit)
    __arm_cp.0_2                             0x08000940   Number         4  system_stm32f0xx.o(.text.SystemInit)
    __arm_cp.0_3                             0x08000944   Number         4  system_stm32f0xx.o(.text.SystemInit)
    __arm_cp.0_4                             0x08000948   Number         4  system_stm32f0xx.o(.text.SystemInit)
    __arm_cp.0_5                             0x0800094c   Number         4  system_stm32f0xx.o(.text.SystemInit)
    __arm_cp.0_6                             0x08000950   Number         4  system_stm32f0xx.o(.text.SystemInit)
    __arm_cp.0_7                             0x08000954   Number         4  system_stm32f0xx.o(.text.SystemInit)
    [Anonymous Symbol]                       0x08000958   Section        0  main.o(.text.main)
    BUTTON_PIN                               0x080009c4   Data          24  board_button.o(.rodata.BUTTON_PIN)
    [Anonymous Symbol]                       0x080009c4   Section        0  board_button.o(.rodata.BUTTON_PIN)
    LED_PIN                                  0x080009dc   Data          24  board_led.o(.rodata.LED_PIN)
    [Anonymous Symbol]                       0x080009dc   Section        0  board_led.o(.rodata.LED_PIN)
    .bss                                     0x20000008   Section       96  libspace.o(.bss)
    uwTick                                   0x20000068   Data           4  sysdelay.o(.bss.uwTick)
    [Anonymous Symbol]                       0x20000068   Section        0  sysdelay.o(.bss.uwTick)
    Heap_Mem                                 0x20000070   Data         512  startup_stm32f072.o(HEAP)
    HEAP                                     0x20000070   Section      512  startup_stm32f072.o(HEAP)
    Stack_Mem                                0x20000270   Data        1024  startup_stm32f072.o(STACK)
    STACK                                    0x20000270   Section     1024  startup_stm32f072.o(STACK)
    __initial_sp                             0x20000670   Data           0  startup_stm32f072.o(STACK)

    Global Symbols

    Symbol Name                              Value     Ov Type        Size  Object(Section)

    BuildAttributes$$THM_ISAv3M$S$PE$A:L22$X:L11$S22$IEEE1$IW$~IW$USESV6$~STKCKD$USESV7$~SHL$OSPACE$ROPI$EBA8$UX$STANDARDLIB$REQ8$PRES8$EABIv2 0x00000000   Number         0  anon$$obj.o ABSOLUTE
    __ARM_exceptions_init                     - Undefined Weak Reference
    __alloca_initialize                       - Undefined Weak Reference
    __arm_preinit_                            - Undefined Weak Reference
    __arm_relocate_pie_                       - Undefined Weak Reference
    __cpp_initialize__aeabi_                  - Undefined Weak Reference
    __cxa_finalize                            - Undefined Weak Reference
    __rt_locale                               - Undefined Weak Reference
    __sigvec_lookup                           - Undefined Weak Reference
    _atexit_init                              - Undefined Weak Reference
    _call_atexit_fns                          - Undefined Weak Reference
    _clock_init                               - Undefined Weak Reference
    _fp_trap_init                             - Undefined Weak Reference
    _fp_trap_shutdown                         - Undefined Weak Reference
    _get_lc_collate                           - Undefined Weak Reference
    _get_lc_ctype                             - Undefined Weak Reference
    _get_lc_monetary                          - Undefined Weak Reference
    _get_lc_numeric                           - Undefined Weak Reference
    _get_lc_time                              - Undefined Weak Reference
    _getenv_init                              - Undefined Weak Reference
    _handle_redirection                       - Undefined Weak Reference
    _init_alloc                               - Undefined Weak Reference
    _init_user_alloc                          - Undefined Weak Reference
    _initio                                   - Undefined Weak Reference
    _rand_init                                - Undefined Weak Reference
    _signal_finish                            - Undefined Weak Reference
    _signal_init                              - Undefined Weak Reference
    _terminate_alloc                          - Undefined Weak Reference
    _terminate_user_alloc                     - Undefined Weak Reference
    _terminateio                              - Undefined Weak Reference
    __Vectors_Size                           0x000000c0   Number         0  startup_stm32f072.o ABSOLUTE
    __Vectors                                0x08000000   Data           4  startup_stm32f072.o(RESET)
    __Vectors_End                            0x080000c0   Data           0  startup_stm32f072.o(RESET)
    __main                                   0x080000c1   Thumb Code     8  __main.o(!!!main)
    __scatterload                            0x080000c9   Thumb Code     0  __scatter.o(!!!scatter)
    __scatterload_rt2                        0x080000c9   Thumb Code    74  __scatter.o(!!!scatter)
    __scatterload_rt2_thumb_only             0x080000c9   Thumb Code     0  __scatter.o(!!!scatter)
    __scatterload_loop                       0x080000d3   Thumb Code     0  __scatter.o(!!!scatter)
    __scatterload_copy                       0x0800011d   Thumb Code    26  __scatter_copy.o(!!handler_copy)
    __scatterload_null                       0x08000139   Thumb Code     2  __scatter.o(!!handler_null)
    __scatterload_zeroinit                   0x0800013d   Thumb Code    28  __scatter_zi.o(!!handler_zi)
    __rt_lib_init                            0x08000159   Thumb Code     0  libinit.o(.ARM.Collect$$libinit$$00000000)
    __rt_lib_init_alloca_1                   0x0800015b   Thumb Code     0  libinit2.o(.ARM.Collect$$libinit$$00000030)
    __rt_lib_init_argv_1                     0x0800015b   Thumb Code     0  libinit2.o(.ARM.Collect$$libinit$$0000002E)
    __rt_lib_init_atexit_1                   0x0800015b   Thumb Code     0  libinit2.o(.ARM.Collect$$libinit$$0000001D)
    __rt_lib_init_clock_1                    0x0800015b   Thumb Code     0  libinit2.o(.ARM.Collect$$libinit$$00000023)
    __rt_lib_init_cpp_1                      0x0800015b   Thumb Code     0  libinit2.o(.ARM.Collect$$libinit$$00000034)
    __rt_lib_init_exceptions_1               0x0800015b   Thumb Code     0  libinit2.o(.ARM.Collect$$libinit$$00000032)
    __rt_lib_init_fp_1                       0x0800015b   Thumb Code     0  libinit2.o(.ARM.Collect$$libinit$$00000002)
    __rt_lib_init_fp_trap_1                  0x0800015b   Thumb Code     0  libinit2.o(.ARM.Collect$$libinit$$00000021)
    __rt_lib_init_getenv_1                   0x0800015b   Thumb Code     0  libinit2.o(.ARM.Collect$$libinit$$00000025)
    __rt_lib_init_heap_1                     0x0800015b   Thumb Code     0  libinit2.o(.ARM.Collect$$libinit$$0000000C)
    __rt_lib_init_lc_collate_1               0x0800015b   Thumb Code     0  libinit2.o(.ARM.Collect$$libinit$$00000013)
    __rt_lib_init_lc_ctype_1                 0x0800015b   Thumb Code     0  libinit2.o(.ARM.Collect$$libinit$$00000015)
    __rt_lib_init_lc_monetary_1              0x0800015b   Thumb Code     0  libinit2.o(.ARM.Collect$$libinit$$00000017)
    __rt_lib_init_lc_numeric_1               0x0800015b   Thumb Code     0  libinit2.o(.ARM.Collect$$libinit$$00000019)
    __rt_lib_init_lc_time_1                  0x0800015b   Thumb Code     0  libinit2.o(.ARM.Collect$$libinit$$0000001B)
    __rt_lib_init_preinit_1                  0x0800015b   Thumb Code     0  libinit2.o(.ARM.Collect$$libinit$$00000006)
    __rt_lib_init_rand_1                     0x0800015b   Thumb Code     0  libinit2.o(.ARM.Collect$$libinit$$00000010)
    __rt_lib_init_relocate_pie_1             0x0800015b   Thumb Code     0  libinit2.o(.ARM.Collect$$libinit$$00000004)
    __rt_lib_init_return                     0x0800015b   Thumb Code     0  libinit2.o(.ARM.Collect$$libinit$$00000035)
    __rt_lib_init_signal_1                   0x0800015b   Thumb Code     0  libinit2.o(.ARM.Collect$$libinit$$0000001F)
    __rt_lib_init_stdio_1                    0x0800015b   Thumb Code     0  libinit2.o(.ARM.Collect$$libinit$$00000027)
    __rt_lib_init_user_alloc_1               0x0800015b   Thumb Code     0  libinit2.o(.ARM.Collect$$libinit$$0000000E)
    __rt_lib_shutdown                        0x0800015d   Thumb Code     0  libshutdown.o(.ARM.Collect$$libshutdown$$00000000)
    __rt_lib_shutdown_cpp_1                  0x0800015f   Thumb Code     0  libshutdown2.o(.ARM.Collect$$libshutdown$$00000002)
    __rt_lib_shutdown_fp_trap_1              0x0800015f   Thumb Code     0  libshutdown2.o(.ARM.Collect$$libshutdown$$00000007)
    __rt_lib_shutdown_heap_1                 0x0800015f   Thumb Code     0  libshutdown2.o(.ARM.Collect$$libshutdown$$0000000F)
    __rt_lib_shutdown_return                 0x0800015f   Thumb Code     0  libshutdown2.o(.ARM.Collect$$libshutdown$$00000010)
    __rt_lib_shutdown_signal_1               0x0800015f   Thumb Code     0  libshutdown2.o(.ARM.Collect$$libshutdown$$0000000A)
    __rt_lib_shutdown_stdio_1                0x0800015f   Thumb Code     0  libshutdown2.o(.ARM.Collect$$libshutdown$$00000004)
    __rt_lib_shutdown_user_alloc_1           0x0800015f   Thumb Code     0  libshutdown2.o(.ARM.Collect$$libshutdown$$0000000C)
    __rt_entry                               0x08000161   Thumb Code     0  __rtentry.o(.ARM.Collect$$rtentry$$00000000)
    __rt_entry_presh_1                       0x08000161   Thumb Code     0  __rtentry2.o(.ARM.Collect$$rtentry$$00000002)
    __rt_entry_sh                            0x08000161   Thumb Code     0  __rtentry4.o(.ARM.Collect$$rtentry$$00000004)
    __rt_entry_li                            0x08000167   Thumb Code     0  __rtentry2.o(.ARM.Collect$$rtentry$$0000000A)
    __rt_entry_postsh_1                      0x08000167   Thumb Code     0  __rtentry2.o(.ARM.Collect$$rtentry$$00000009)
    __rt_entry_main                          0x0800016b   Thumb Code     0  __rtentry2.o(.ARM.Collect$$rtentry$$0000000D)
    __rt_entry_postli_1                      0x0800016b   Thumb Code     0  __rtentry2.o(.ARM.Collect$$rtentry$$0000000C)
    __rt_exit                                0x08000173   Thumb Code     0  rtexit.o(.ARM.Collect$$rtexit$$00000000)
    __rt_exit_ls                             0x08000175   Thumb Code     0  rtexit2.o(.ARM.Collect$$rtexit$$00000003)
    __rt_exit_prels_1                        0x08000175   Thumb Code     0  rtexit2.o(.ARM.Collect$$rtexit$$00000002)
    __rt_exit_exit                           0x08000179   Thumb Code     0  rtexit2.o(.ARM.Collect$$rtexit$$00000004)
    Reset_Handler                            0x08000181   Thumb Code    38  startup_stm32f072.o(.text)
    NMI_Handler                              0x080001a7   Thumb Code     2  startup_stm32f072.o(.text)
    HardFault_Handler                        0x080001a9   Thumb Code     2  startup_stm32f072.o(.text)
    SVC_Handler                              0x080001ab   Thumb Code     2  startup_stm32f072.o(.text)
    PendSV_Handler                           0x080001ad   Thumb Code     2  startup_stm32f072.o(.text)
    SysTick_Handler                          0x080001af   Thumb Code     2  startup_stm32f072.o(.text)
    ADC1_COMP_IRQHandler                     0x080001b1   Thumb Code     0  startup_stm32f072.o(.text)
    CEC_CAN_IRQHandler                       0x080001b1   Thumb Code     0  startup_stm32f072.o(.text)
    DMA1_Channel1_IRQHandler                 0x080001b1   Thumb Code     0  startup_stm32f072.o(.text)
    DMA1_Channel2_3_IRQHandler               0x080001b1   Thumb Code     0  startup_stm32f072.o(.text)
    DMA1_Channel4_5_6_7_IRQHandler           0x080001b1   Thumb Code     0  startup_stm32f072.o(.text)
    EXTI0_1_IRQHandler                       0x080001b1   Thumb Code     0  startup_stm32f072.o(.text)
    EXTI2_3_IRQHandler                       0x080001b1   Thumb Code     0  startup_stm32f072.o(.text)
    EXTI4_15_IRQHandler                      0x080001b1   Thumb Code     0  startup_stm32f072.o(.text)
    FLASH_IRQHandler                         0x080001b1   Thumb Code     0  startup_stm32f072.o(.text)
    I2C1_IRQHandler                          0x080001b1   Thumb Code     0  startup_stm32f072.o(.text)
    I2C2_IRQHandler                          0x080001b1   Thumb Code     0  startup_stm32f072.o(.text)
    PVD_VDDIO2_IRQHandler                    0x080001b1   Thumb Code     0  startup_stm32f072.o(.text)
    RCC_CRS_IRQHandler                       0x080001b1   Thumb Code     0  startup_stm32f072.o(.text)
    RTC_IRQHandler                           0x080001b1   Thumb Code     0  startup_stm32f072.o(.text)
    SPI1_IRQHandler                          0x080001b1   Thumb Code     0  startup_stm32f072.o(.text)
    SPI2_IRQHandler                          0x080001b1   Thumb Code     0  startup_stm32f072.o(.text)
    TIM14_IRQHandler                         0x080001b1   Thumb Code     0  startup_stm32f072.o(.text)
    TIM15_IRQHandler                         0x080001b1   Thumb Code     0  startup_stm32f072.o(.text)
    TIM16_IRQHandler                         0x080001b1   Thumb Code     0  startup_stm32f072.o(.text)
    TIM17_IRQHandler                         0x080001b1   Thumb Code     0  startup_stm32f072.o(.text)
    TIM1_BRK_UP_TRG_COM_IRQHandler           0x080001b1   Thumb Code     0  startup_stm32f072.o(.text)
    TIM1_CC_IRQHandler                       0x080001b1   Thumb Code     0  startup_stm32f072.o(.text)
    TIM2_IRQHandler                          0x080001b1   Thumb Code     0  startup_stm32f072.o(.text)
    TIM3_IRQHandler                          0x080001b1   Thumb Code     0  startup_stm32f072.o(.text)
    TIM6_DAC_IRQHandler                      0x080001b1   Thumb Code     0  startup_stm32f072.o(.text)
    TIM7_IRQHandler                          0x080001b1   Thumb Code     0  startup_stm32f072.o(.text)
    TSC_IRQHandler                           0x080001b1   Thumb Code     0  startup_stm32f072.o(.text)
    USART1_IRQHandler                        0x080001b1   Thumb Code     0  startup_stm32f072.o(.text)
    USART2_IRQHandler                        0x080001b1   Thumb Code     0  startup_stm32f072.o(.text)
    USART3_4_IRQHandler                      0x080001b1   Thumb Code     0  startup_stm32f072.o(.text)
    USB_IRQHandler                           0x080001b1   Thumb Code     0  startup_stm32f072.o(.text)
    WWDG_IRQHandler                          0x080001b1   Thumb Code     0  startup_stm32f072.o(.text)
    __user_initial_stackheap                 0x080001b5   Thumb Code     0  startup_stm32f072.o(.text)
    __aeabi_uidiv                            0x080001f5   Thumb Code     0  aeabi_sdiv.o(.text)
    __aeabi_uidivmod                         0x080001f5   Thumb Code    20  aeabi_sdiv.o(.text)
    __aeabi_idiv                             0x08000209   Thumb Code     0  aeabi_sdiv.o(.text)
    __aeabi_idivmod                          0x08000209   Thumb Code   338  aeabi_sdiv.o(.text)
    __use_two_region_memory                  0x08000361   Thumb Code     2  heapauxi.o(.text)
    __rt_heap_escrow$2region                 0x08000363   Thumb Code     2  heapauxi.o(.text)
    __rt_heap_expand$2region                 0x08000365   Thumb Code     2  heapauxi.o(.text)
    __user_setup_stackheap                   0x08000367   Thumb Code    62  sys_stackheap_outer.o(.text)
    exit                                     0x080003a5   Thumb Code    16  exit.o(.text)
    __user_libspace                          0x080003b5   Thumb Code     8  libspace.o(.text)
    __user_perproc_libspace                  0x080003b5   Thumb Code     0  libspace.o(.text)
    __user_perthread_libspace                0x080003b5   Thumb Code     0  libspace.o(.text)
    _sys_exit                                0x080003bd   Thumb Code     8  sys_exit.o(.text)
    __I$use$semihosting                      0x080003c9   Thumb Code     0  use_no_semi.o(.text)
    __use_no_semihosting_swi                 0x080003c9   Thumb Code     2  use_no_semi.o(.text)
    __semihosting_library_function           0x080003cb   Thumb Code     0  indicate_semi.o(.text)
    Button_GetState                          0x080003cd   Thumb Code    72  board_button.o(.text.Button_GetState)
    Button_Initialize                        0x08000415   Thumb Code    92  board_button.o(.text.Button_Initialize)
    GPIO_Init                                0x08000475   Thumb Code   228  stm32f0xx_gpio.o(.text.GPIO_Init)
    GPIO_ReadInputDataBit                    0x08000559   Thumb Code    54  stm32f0xx_gpio.o(.text.GPIO_ReadInputDataBit)
    GPIO_SetBits                             0x0800058f   Thumb Code    18  stm32f0xx_gpio.o(.text.GPIO_SetBits)
    GPIO_StructInit                          0x080005a1   Thumb Code    36  stm32f0xx_gpio.o(.text.GPIO_StructInit)
    GPIO_WriteBit                            0x080005c9   Thumb Code    42  stm32f0xx_gpio.o(.text.GPIO_WriteBit)
    LED_Initialize                           0x080005f5   Thumb Code   104  board_led.o(.text.LED_Initialize)
    LED_Off                                  0x08000661   Thumb Code    28  board_led.o(.text.LED_Off)
    LED_On                                   0x0800067d   Thumb Code    28  board_led.o(.text.LED_On)
    LED_SetOut                               0x0800069d   Thumb Code    64  board_led.o(.text.LED_SetOut)
    SysDelay_Delay                           0x08000841   Thumb Code    40  sysdelay.o(.text.SysDelay_Delay)
    SysDelay_GetTicks                        0x08000869   Thumb Code     8  sysdelay.o(.text.SysDelay_GetTicks)
    SystemInit                               0x080008dd   Thumb Code    92  system_stm32f0xx.o(.text.SystemInit)
    main                                     0x08000959   Thumb Code   106  main.o(.text.main)
    Region$$Table$$Base                      0x080009f4   Number         0  anon$$obj.o(Region$$Table)
    Region$$Table$$Limit                     0x08000a14   Number         0  anon$$obj.o(Region$$Table)
    SystemCoreClock                          0x20000000   Data           4  system_stm32f0xx.o(.data.SystemCoreClock)
    __libspace_start                         0x20000008   Data          96  libspace.o(.bss)
    __temporary_stack_top$libspace           0x20000068   Data           0  libspace.o(.bss)



==============================================================================

Memory Map of the image

  Image Entry point : 0x080000c1

  Load Region LR_IROM1 (Base: 0x08000000, Size: 0x00000a20, Max: 0x00020000, ABSOLUTE)

    Execution Region ER_IROM1 (Exec base: 0x08000000, Load base: 0x08000000, Size: 0x00000a14, Max: 0x00020000, ABSOLUTE)

    Exec Addr    Load Addr    Size         Type   Attr      Idx    E Section Name        Object

    0x08000000   0x08000000   0x000000c0   Data   RO          141    RESET               startup_stm32f072.o
    0x080000c0   0x080000c0   0x00000008   Code   RO          220  * !!!main             c_p.l(__main.o)
    0x080000c8   0x080000c8   0x00000054   Code   RO          397    !!!scatter          c_p.l(__scatter.o)
    0x0800011c   0x0800011c   0x0000001a   Code   RO          401    !!handler_copy      c_p.l(__scatter_copy.o)
    0x08000136   0x08000136   0x00000002   PAD
    0x08000138   0x08000138   0x00000002   Code   RO          398    !!handler_null      c_p.l(__scatter.o)
    0x0800013a   0x0800013a   0x00000002   PAD
    0x0800013c   0x0800013c   0x0000001c   Code   RO          403    !!handler_zi        c_p.l(__scatter_zi.o)
    0x08000158   0x08000158   0x00000002   Code   RO          258    .ARM.Collect$$libinit$$00000000  c_p.l(libinit.o)
    0x0800015a   0x0800015a   0x00000000   Code   RO          272    .ARM.Collect$$libinit$$00000002  c_p.l(libinit2.o)
    0x0800015a   0x0800015a   0x00000000   Code   RO          274    .ARM.Collect$$libinit$$00000004  c_p.l(libinit2.o)
    0x0800015a   0x0800015a   0x00000000   Code   RO          276    .ARM.Collect$$libinit$$00000006  c_p.l(libinit2.o)
    0x0800015a   0x0800015a   0x00000000   Code   RO          279    .ARM.Collect$$libinit$$0000000C  c_p.l(libinit2.o)
    0x0800015a   0x0800015a   0x00000000   Code   RO          281    .ARM.Collect$$libinit$$0000000E  c_p.l(libinit2.o)
    0x0800015a   0x0800015a   0x00000000   Code   RO          283    .ARM.Collect$$libinit$$00000010  c_p.l(libinit2.o)
    0x0800015a   0x0800015a   0x00000000   Code   RO          286    .ARM.Collect$$libinit$$00000013  c_p.l(libinit2.o)
    0x0800015a   0x0800015a   0x00000000   Code   RO          288    .ARM.Collect$$libinit$$00000015  c_p.l(libinit2.o)
    0x0800015a   0x0800015a   0x00000000   Code   RO          290    .ARM.Collect$$libinit$$00000017  c_p.l(libinit2.o)
    0x0800015a   0x0800015a   0x00000000   Code   RO          292    .ARM.Collect$$libinit$$00000019  c_p.l(libinit2.o)
    0x0800015a   0x0800015a   0x00000000   Code   RO          294    .ARM.Collect$$libinit$$0000001B  c_p.l(libinit2.o)
    0x0800015a   0x0800015a   0x00000000   Code   RO          296    .ARM.Collect$$libinit$$0000001D  c_p.l(libinit2.o)
    0x0800015a   0x0800015a   0x00000000   Code   RO          298    .ARM.Collect$$libinit$$0000001F  c_p.l(libinit2.o)
    0x0800015a   0x0800015a   0x00000000   Code   RO          300    .ARM.Collect$$libinit$$00000021  c_p.l(libinit2.o)
    0x0800015a   0x0800015a   0x00000000   Code   RO          302    .ARM.Collect$$libinit$$00000023  c_p.l(libinit2.o)
    0x0800015a   0x0800015a   0x00000000   Code   RO          304    .ARM.Collect$$libinit$$00000025  c_p.l(libinit2.o)
    0x0800015a   0x0800015a   0x00000000   Code   RO          306    .ARM.Collect$$libinit$$00000027  c_p.l(libinit2.o)
    0x0800015a   0x0800015a   0x00000000   Code   RO          310    .ARM.Collect$$libinit$$0000002E  c_p.l(libinit2.o)
    0x0800015a   0x0800015a   0x00000000   Code   RO          312    .ARM.Collect$$libinit$$00000030  c_p.l(libinit2.o)
    0x0800015a   0x0800015a   0x00000000   Code   RO          314    .ARM.Collect$$libinit$$00000032  c_p.l(libinit2.o)
    0x0800015a   0x0800015a   0x00000000   Code   RO          316    .ARM.Collect$$libinit$$00000034  c_p.l(libinit2.o)
    0x0800015a   0x0800015a   0x00000002   Code   RO          317    .ARM.Collect$$libinit$$00000035  c_p.l(libinit2.o)
    0x0800015c   0x0800015c   0x00000002   Code   RO          352    .ARM.Collect$$libshutdown$$00000000  c_p.l(libshutdown.o)
    0x0800015e   0x0800015e   0x00000000   Code   RO          380    .ARM.Collect$$libshutdown$$00000002  c_p.l(libshutdown2.o)
    0x0800015e   0x0800015e   0x00000000   Code   RO          382    .ARM.Collect$$libshutdown$$00000004  c_p.l(libshutdown2.o)
    0x0800015e   0x0800015e   0x00000000   Code   RO          385    .ARM.Collect$$libshutdown$$00000007  c_p.l(libshutdown2.o)
    0x0800015e   0x0800015e   0x00000000   Code   RO          388    .ARM.Collect$$libshutdown$$0000000A  c_p.l(libshutdown2.o)
    0x0800015e   0x0800015e   0x00000000   Code   RO          390    .ARM.Collect$$libshutdown$$0000000C  c_p.l(libshutdown2.o)
    0x0800015e   0x0800015e   0x00000000   Code   RO          393    .ARM.Collect$$libshutdown$$0000000F  c_p.l(libshutdown2.o)
    0x0800015e   0x0800015e   0x00000002   Code   RO          394    .ARM.Collect$$libshutdown$$00000010  c_p.l(libshutdown2.o)
    0x08000160   0x08000160   0x00000000   Code   RO          222    .ARM.Collect$$rtentry$$00000000  c_p.l(__rtentry.o)
    0x08000160   0x08000160   0x00000000   Code   RO          228    .ARM.Collect$$rtentry$$00000002  c_p.l(__rtentry2.o)
    0x08000160   0x08000160   0x00000006   Code   RO          240    .ARM.Collect$$rtentry$$00000004  c_p.l(__rtentry4.o)
    0x08000166   0x08000166   0x00000000   Code   RO          230    .ARM.Collect$$rtentry$$00000009  c_p.l(__rtentry2.o)
    0x08000166   0x08000166   0x00000004   Code   RO          231    .ARM.Collect$$rtentry$$0000000A  c_p.l(__rtentry2.o)
    0x0800016a   0x0800016a   0x00000000   Code   RO          233    .ARM.Collect$$rtentry$$0000000C  c_p.l(__rtentry2.o)
    0x0800016a   0x0800016a   0x00000008   Code   RO          234    .ARM.Collect$$rtentry$$0000000D  c_p.l(__rtentry2.o)
    0x08000172   0x08000172   0x00000002   Code   RO          263    .ARM.Collect$$rtexit$$00000000  c_p.l(rtexit.o)
    0x08000174   0x08000174   0x00000000   Code   RO          323    .ARM.Collect$$rtexit$$00000002  c_p.l(rtexit2.o)
    0x08000174   0x08000174   0x00000004   Code   RO          324    .ARM.Collect$$rtexit$$00000003  c_p.l(rtexit2.o)
    0x08000178   0x08000178   0x00000006   Code   RO          325    .ARM.Collect$$rtexit$$00000004  c_p.l(rtexit2.o)
    0x0800017e   0x0800017e   0x00000002   PAD
    0x08000180   0x08000180   0x00000074   Code   RO          142    .text               startup_stm32f072.o
    0x080001f4   0x080001f4   0x0000016c   Code   RO          214    .text               c_p.l(aeabi_sdiv.o)
    0x08000360   0x08000360   0x00000006   Code   RO          218    .text               c_p.l(heapauxi.o)
    0x08000366   0x08000366   0x0000003e   Code   RO          244    .text               c_p.l(sys_stackheap_outer.o)
    0x080003a4   0x080003a4   0x00000010   Code   RO          247    .text               c_p.l(exit.o)
    0x080003b4   0x080003b4   0x00000008   Code   RO          259    .text               c_p.l(libspace.o)
    0x080003bc   0x080003bc   0x0000000c   Code   RO          318    .text               c_p.l(sys_exit.o)
    0x080003c8   0x080003c8   0x00000002   Code   RO          341    .text               c_p.l(use_no_semi.o)
    0x080003ca   0x080003ca   0x00000000   Code   RO          343    .text               c_p.l(indicate_semi.o)
    0x080003ca   0x080003ca   0x00000002   PAD
    0x080003cc   0x080003cc   0x00000048   Code   RO          203    .text.Button_GetState  board_button.o
    0x08000414   0x08000414   0x00000060   Code   RO          201    .text.Button_Initialize  board_button.o
    0x08000474   0x08000474   0x000000e4   Code   RO            4    .text.GPIO_Init     stm32f0xx_gpio.o
    0x08000558   0x08000558   0x00000036   Code   RO           10    .text.GPIO_ReadInputDataBit  stm32f0xx_gpio.o
    0x0800058e   0x0800058e   0x00000012   Code   RO           18    .text.GPIO_SetBits  stm32f0xx_gpio.o
    0x080005a0   0x080005a0   0x00000028   Code   RO            6    .text.GPIO_StructInit  stm32f0xx_gpio.o
    0x080005c8   0x080005c8   0x0000002a   Code   RO           22    .text.GPIO_WriteBit  stm32f0xx_gpio.o
    0x080005f2   0x080005f2   0x00000002   PAD
    0x080005f4   0x080005f4   0x0000006c   Code   RO          179    .text.LED_Initialize  board_led.o
    0x08000660   0x08000660   0x0000001c   Code   RO          183    .text.LED_Off       board_led.o
    0x0800067c   0x0800067c   0x00000020   Code   RO          181    .text.LED_On        board_led.o
    0x0800069c   0x0800069c   0x00000040   Code   RO          185    .text.LED_SetOut    board_led.o
    0x080006dc   0x080006dc   0x00000084   Code   RO          155    .text.NVIC_SetPriority  main.o
    0x08000760   0x08000760   0x000000e0   Code   RO          127    .text.SetSysClock   system_stm32f0xx.o
    0x08000840   0x08000840   0x00000028   Code   RO          169    .text.SysDelay_Delay  sysdelay.o
    0x08000868   0x08000868   0x0000000c   Code   RO          167    .text.SysDelay_GetTicks  sysdelay.o
    0x08000874   0x08000874   0x00000050   Code   RO          153    .text.SysTick_Config  main.o
    0x080008c4   0x080008c4   0x00000018   Code   RO          151    .text.SysTick_Init  main.o
    0x080008dc   0x080008dc   0x0000007c   Code   RO          125    .text.SystemInit    system_stm32f0xx.o
    0x08000958   0x08000958   0x0000006a   Code   RO          149    .text.main          main.o
    0x080009c2   0x080009c2   0x00000002   PAD
    0x080009c4   0x080009c4   0x00000018   Data   RO          205    .rodata.BUTTON_PIN  board_button.o
    0x080009dc   0x080009dc   0x00000018   Data   RO          193    .rodata.LED_PIN     board_led.o
    0x080009f4   0x080009f4   0x00000020   Data   RO          396    Region$$Table       anon$$obj.o


    Execution Region RW_IRAM1 (Exec base: 0x20000000, Load base: 0x08000a18, Size: 0x00000670, Max: 0x00004000, ABSOLUTE)

    Exec Addr    Load Addr    Size         Type   Attr      Idx    E Section Name        Object

    0x20000000   0x08000a18   0x00000004   Data   RW          131    .data.SystemCoreClock  system_stm32f0xx.o
    0x20000004   0x08000a1c   0x00000004   PAD
    0x20000008        -       0x00000060   Zero   RW          260    .bss                c_p.l(libspace.o)
    0x20000068        -       0x00000004   Zero   RW          171    .bss.uwTick         sysdelay.o
    0x2000006c   0x08000a1c   0x00000004   PAD
    0x20000070        -       0x00000200   Zero   RW          140    HEAP                startup_stm32f072.o
    0x20000270        -       0x00000400   Zero   RW          139    STACK               startup_stm32f072.o


==============================================================================

Image component sizes


      Code (inc. data)   RO Data    RW Data    ZI Data      Debug   Object Name

       168          4         24          0          0       2570   board_button.o
       232          8         24          0          0       3232   board_led.o
       342         24          0          0          0       2895   main.o
       116         56        192          0       1536        692   startup_stm32f072.o
       382          4          0          0          0       4390   stm32f0xx_gpio.o
        52          4          0          0          4        916   sysdelay.o
       348         36          0          4          0       2238   system_stm32f0xx.o

    ----------------------------------------------------------------------
      1644        136        272          4       1548      16933   Object Totals
         0          0         32          0          0          0   (incl. Generated)
         4          0          0          0          8          0   (incl. Padding)

    ----------------------------------------------------------------------

      Code (inc. data)   RO Data    RW Data    ZI Data      Debug   Library Member Name

         8          0          0          0          0         68   __main.o
         0          0          0          0          0          0   __rtentry.o
        12          0          0          0          0          0   __rtentry2.o
         6          0          0          0          0          0   __rtentry4.o
        86         10          0          0          0          0   __scatter.o
        26          0          0          0          0          0   __scatter_copy.o
        28          0          0          0          0          0   __scatter_zi.o
       364          4          0          0          0         92   aeabi_sdiv.o
        16          0          0          0          0         68   exit.o
         6          0          0          0          0        136   heapauxi.o
         0          0          0          0          0          0   indicate_semi.o
         2          0          0          0          0          0   libinit.o
         2          0          0          0          0          0   libinit2.o
         2          0          0          0          0          0   libshutdown.o
         2          0          0          0          0          0   libshutdown2.o
         8          4          0          0         96         68   libspace.o
         2          0          0          0          0          0   rtexit.o
        10          0          0          0          0          0   rtexit2.o
        12          4          0          0          0         60   sys_exit.o
        62          0          0          0          0         80   sys_stackheap_outer.o
         2          0          0          0          0         68   use_no_semi.o

    ----------------------------------------------------------------------
       664         22          0          0         96        640   Library Totals
         8          0          0          0          0          0   (incl. Padding)

    ----------------------------------------------------------------------

      Code (inc. data)   RO Data    RW Data    ZI Data      Debug   Library Name

       656         22          0          0         96        640   c_p.l

    ----------------------------------------------------------------------
       664         22          0          0         96        640   Library Totals

    ----------------------------------------------------------------------

==============================================================================


      Code (inc. data)   RO Data    RW Data    ZI Data      Debug   

      2308        158        272          4       1644      17397   Grand Totals
      2308        158        272          4       1644      17397   ELF Image Totals
      2308        158        272          4          0          0   ROM Totals

==============================================================================

    Total RO  Size (Code + RO Data)                 2580 (   2.52kB)
    Total RW  Size (RW Data + ZI Data)              1648 (   1.61kB)
    Total ROM Size (Code + RO Data + RW Data)       2584 (   2.52kB)

==============================================================================

